[21-09-2026  9:26:58.28] === AUTO START === 
[21-09-2026  9:26:58.69] Docker Desktop not running - launching 
[21-09-2026  9:27:12.89] Docker daemon ready after 1 attempts 
[21-09-2026  9:27:12.89] Starting containers... 
time="2026-09-21T09:27:13-04:00" level=warning msg="C:\\Users\\sanja\\stock-market-ai\\docker-compose.yml: the attribute `version` is obsolete, it will be ignored, please remove it to avoid potential confusion"
 Network stock-market-ai_default Creating 
 Network stock-market-ai_default Created 
 Container stock-market-ai-backend-1 Creating 
 Container stock-market-ai-finetune-sidecar-1 Creating 
 Container stock-market-ai-finetune-sidecar-1 Created 
 Container stock-market-ai-backend-1 Created 
 Container stock-market-ai-frontend-1 Creating 
 Container stock-market-ai-frontend-1 Created 
 Container stock-market-ai-backend-1 Starting 
 Container stock-market-ai-finetune-sidecar-1 Starting 
 Container stock-market-ai-backend-1 Started 
 Container stock-market-ai-frontend-1 Starting 
 Container stock-market-ai-frontend-1 Started 
 Container stock-market-ai-finetune-sidecar-1 Started 
[21-09-2026  9:27:18.96] Backend healthy - paper trading active 
{"config_frozen_until":"2026-07-28","engine":"rust","status":"ok","symbols":["AMD","TMO","META","FCX","V","CVX","KO","UNP","AMZN"],"version":"claude_1"} 
[21-09-2026  9:27:18.98] Auto start complete 
[21-09-2026  9:40:26.62] === AUTO START === 
[21-09-2026  9:40:27.20] Docker daemon ready after 0 attempts 
[21-09-2026  9:40:27.20] Starting containers... 
time="2026-09-21T09:40:27-04:00" level=warning msg="C:\\Users\\sanja\\stock-market-ai\\docker-compose.yml: the attribute `version` is obsolete, it will be ignored, please remove it to avoid potential confusion"
 Container stock-market-ai-finetune-sidecar-1 Running 
 Container stock-market-ai-frontend-1 Running 
 Container stock-market-ai-backend-1 Running 
[21-09-2026  9:40:27.41] Backend healthy - paper trading active 
{"config_frozen_until":"2026-07-28","engine":"rust","status":"ok","symbols":["AMD","TMO","META","FCX","V","CVX","KO","UNP","AMZN"],"version":"claude_1"} 
[21-09-2026  9:40:27.42] Auto start complete 
[21-09-2026  9:55:26.69] === AUTO START === 
[21-09-2026  9:55:28.39] Docker daemon ready after 0 attempts 
[21-09-2026  9:55:28.39] Starting containers... 
time="2026-09-21T09:55:28-04:00" level=warning msg="C:\\Users\\sanja\\stock-market-ai\\docker-compose.yml: the attribute `version` is obsolete, it will be ignored, please remove it to avoid potential confusion"
 Container stock-market-ai-finetune-sidecar-1 Running 
 Container stock-market-ai-frontend-1 Running 
 Container stock-market-ai-backend-1 Running 
[21-09-2026  9:55:28.58] Backend healthy - paper trading active 
{"config_frozen_until":"2026-07-28","engine":"rust","status":"ok","symbols":["AMD","TMO","META","FCX","V","CVX","KO","UNP","AMZN"],"version":"claude_1"} 
[21-09-2026  9:55:28.59] Auto start complete 
[21-09-2026 10:10:26.65] === AUTO START === 
[21-09-2026 10:10:27.20] Docker daemon ready after 0 attempts 
[21-09-2026 10:10:27.20] Starting containers... 
time="2026-09-21T10:10:27-04:00" level=warning msg="C:\\Users\\sanja\\stock-market-ai\\docker-compose.yml: the attribute `version` is obsolete, it will be ignored, please remove it to avoid potential confusion"
 Container stock-market-ai-backend-1 Running 
 Container stock-market-ai-finetune-sidecar-1 Running 
 Container stock-market-ai-frontend-1 Running 
[21-09-2026 10:10:27.38] Backend healthy - paper trading active 
{"config_frozen_until":"2026-07-28","engine":"rust","status":"ok","symbols":["AMD","TMO","META","FCX","V","CVX","KO","UNP","AMZN"],"version":"claude_1"} 
[21-09-2026 10:10:27.39] Auto start complete 
[21-09-2026 10:25:26.65] === AUTO START === 
[21-09-2026 10:25:27.20] Docker daemon ready after 0 attempts 
[21-09-2026 10:25:27.20] Starting containers... 
time="2026-09-21T10:25:27-04:00" level=warning msg="C:\\Users\\sanja\\stock-market-ai\\docker-compose.yml: the attribute `version` is obsolete, it will be ignored, please remove it to avoid potential confusion"
 Container stock-market-ai-finetune-sidecar-1 Running 
 Container stock-market-ai-frontend-1 Running 
 Container stock-market-ai-backend-1 Running 
[21-09-2026 10:25:27.40] Backend healthy - paper trading active 
{"config_frozen_until":"2026-07-28","engine":"rust","status":"ok","symbols":["AMD","TMO","META","FCX","V","CVX","KO","UNP","AMZN"],"version":"claude_1"} 
[21-09-2026 10:25:27.41] Auto start complete 
[21-09-2026 10:40:26.70] === AUTO START === 
[21-09-2026 10:40:27.26] Docker daemon ready after 0 attempts 
[21-09-2026 10:40:27.26] Starting containers... 
time="2026-09-21T10:40:27-04:00" level=warning msg="C:\\Users\\sanja\\stock-market-ai\\docker-compose.yml: the attribute `version` is obsolete, it will be ignored, please remove it to avoid potential confusion"
 Container stock-market-ai-frontend-1 Running 
 Container stock-market-ai-backend-1 Running 
 Container stock-market-ai-finetune-sidecar-1 Running 
[21-09-2026 10:40:27.48] Backend healthy - paper trading active 
{"config_frozen_until":"2026-07-28","engine":"rust","status":"ok","symbols":["AMD","TMO","META","FCX","V","CVX","KO","UNP","AMZN"],"version":"claude_1"} 
[21-09-2026 10:40:27.49] Auto start complete 
[21-09-2026 10:55:26.64] === AUTO START === 
[21-09-2026 10:55:27.20] Docker daemon ready after 0 attempts 
[21-09-2026 10:55:27.20] Starting containers... 
time="2026-09-21T10:55:27-04:00" level=warning msg="C:\\Users\\sanja\\stock-market-ai\\docker-compose.yml: the attribute `version` is obsolete, it will be ignored, please remove it to avoid potential confusion"
 Container stock-market-ai-backend-1 Running 
 Container stock-market-ai-finetune-sidecar-1 Running 
 Container stock-market-ai-frontend-1 Running 
[21-09-2026 10:55:27.38] Backend healthy - paper trading active 
{"config_frozen_until":"2026-07-28","engine":"rust","status":"ok","symbols":["AMD","TMO","META","FCX","V","CVX","KO","UNP","AMZN"],"version":"claude_1"} 
[21-09-2026 10:55:27.39] Auto start complete 
[21-09-2026 11:10:26.65] === AUTO START === 
[21-09-2026 11:10:27.19] Docker daemon ready after 0 attempts 
[21-09-2026 11:10:27.19] Starting containers... 
time="2026-09-21T11:10:27-04:00" level=warning msg="C:\\Users\\sanja\\stock-market-ai\\docker-compose.yml: the attribute `version` is obsolete, it will be ignored, please remove it to avoid potential confusion"
 Container stock-market-ai-backend-1 Running 
 Container stock-market-ai-finetune-sidecar-1 Running 
 Container stock-market-ai-frontend-1 Running 
[21-09-2026 11:10:27.38] Backend healthy - paper trading active 
{"config_frozen_until":"2026-07-28","engine":"rust","status":"ok","symbols":["AMD","TMO","META","FCX","V","CVX","KO","UNP","AMZN"],"version":"claude_1"} 
[21-09-2026 11:10:27.39] Auto start complete 
[21-09-2026 11:25:26.65] === AUTO START === 
[21-09-2026 11:25:27.19] Docker daemon ready after 0 attempts 
[21-09-2026 11:25:27.19] Starting containers... 
time="2026-09-21T11:25:27-04:00" level=warning msg="C:\\Users\\sanja\\stock-market-ai\\docker-compose.yml: the attribute `version` is obsolete, it will be ignored, please remove it to avoid potential confusion"
 Container stock-market-ai-frontend-1 Running 
 Container stock-market-ai-backend-1 Running 
 Container stock-market-ai-finetune-sidecar-1 Running 
[21-09-2026 11:25:27.39] Backend healthy - paper trading active 
{"config_frozen_until":"2026-07-28","engine":"rust","status":"ok","symbols":["AMD","TMO","META","FCX","V","CVX","KO","UNP","AMZN"],"version":"claude_1"} 
[21-09-2026 11:25:27.40] Auto start complete 
[21-09-2026 11:40:26.67] === AUTO START === 
[21-09-2026 11:40:27.26] Docker daemon ready after 0 attempts 
[21-09-2026 11:40:27.27] Starting containers... 
time="2026-09-21T11:40:27-04:00" level=warning msg="C:\\Users\\sanja\\stock-market-ai\\docker-compose.yml: the attribute `version` is obsolete, it will be ignored, please remove it to avoid potential confusion"
 Container stock-market-ai-finetune-sidecar-1 Running 
 Container stock-market-ai-frontend-1 Running 
 Container stock-market-ai-backend-1 Running 
[21-09-2026 11:40:27.48] Backend healthy - paper trading active 
{"config_frozen_until":"2026-07-28","engine":"rust","status":"ok","symbols":["AMD","TMO","META","FCX","V","CVX","KO","UNP","AMZN"],"version":"claude_1"} 
[21-09-2026 11:40:27.49] Auto start complete 
[21-09-2026 11:55:26.65] === AUTO START === 
[21-09-2026 11:55:27.20] Docker daemon ready after 0 attempts 
[21-09-2026 11:55:27.20] Starting containers... 
time="2026-09-21T11:55:27-04:00" level=warning msg="C:\\Users\\sanja\\stock-market-ai\\docker-compose.yml: the attribute `version` is obsolete, it will be ignored, please remove it to avoid potential confusion"
 Container stock-market-ai-finetune-sidecar-1 Running 
 Container stock-market-ai-frontend-1 Running 
 Container stock-market-ai-backend-1 Running 
[21-09-2026 11:55:27.38] Backend healthy - paper trading active 
{"config_frozen_until":"2026-07-28","engine":"rust","status":"ok","symbols":["AMD","TMO","META","FCX","V","CVX","KO","UNP","AMZN"],"version":"claude_1"} 
[21-09-2026 11:55:27.39] Auto start complete 
[21-09-2026 12:10:26.64] === AUTO START === 
[21-09-2026 12:10:27.24] Docker daemon ready after 0 attempts 
[21-09-2026 12:10:27.24] Starting containers... 
time="2026-09-21T12:10:27-04:00" level=warning msg="C:\\Users\\sanja\\stock-market-ai\\docker-compose.yml: the attribute `version` is obsolete, it will be ignored, please remove it to avoid potential confusion"
 Container stock-market-ai-backend-1 Running 
 Container stock-market-ai-finetune-sidecar-1 Running 
 Container stock-market-ai-frontend-1 Running 
[21-09-2026 12:10:27.43] Backend healthy - paper trading active 
{"config_frozen_until":"2026-07-28","engine":"rust","status":"ok","symbols":["AMD","TMO","META","FCX","V","CVX","KO","UNP","AMZN"],"version":"claude_1"} 
[21-09-2026 12:10:27.44] Auto start complete 
[21-09-2026 12:25:26.68] === AUTO START === 
[21-09-2026 12:25:27.25] Docker daemon ready after 0 attempts 
[21-09-2026 12:25:27.25] Starting containers... 
time="2026-09-21T12:25:27-04:00" level=warning msg="C:\\Users\\sanja\\stock-market-ai\\docker-compose.yml: the attribute `version` is obsolete, it will be ignored, please remove it to avoid potential confusion"
 Container stock-market-ai-finetune-sidecar-1 Running 
 Container stock-market-ai-frontend-1 Running 
 Container stock-market-ai-backend-1 Running 
[21-09-2026 12:25:27.45] Backend healthy - paper trading active 
{"config_frozen_until":"2026-07-28","engine":"rust","status":"ok","symbols":["AMD","TMO","META","FCX","V","CVX","KO","UNP","AMZN"],"version":"claude_1"} 
[21-09-2026 12:25:27.46] Auto start complete 
[21-09-2026 12:40:26.63] === AUTO START === 
[21-09-2026 12:40:27.18] Docker daemon ready after 0 attempts 
[21-09-2026 12:40:27.18] Starting containers... 
time="2026-09-21T12:40:27-04:00" level=warning msg="C:\\Users\\sanja\\stock-market-ai\\docker-compose.yml: the attribute `version` is obsolete, it will be ignored, please remove it to avoid potential confusion"
 Container stock-market-ai-backend-1 Running 
 Container stock-market-ai-finetune-sidecar-1 Running 
 Container stock-market-ai-frontend-1 Running 
[21-09-2026 12:40:27.36] Backend healthy - paper trading active 
{"config_frozen_until":"2026-07-28","engine":"rust","status":"ok","symbols":["AMD","TMO","META","FCX","V","CVX","KO","UNP","AMZN"],"version":"claude_1"} 
[21-09-2026 12:40:27.37] Auto start complete 
[21-09-2026 12:55:26.63] === AUTO START === 
[21-09-2026 12:55:27.17] Docker daemon ready after 0 attempts 
[21-09-2026 12:55:27.17] Starting containers... 
time="2026-09-21T12:55:27-04:00" level=warning msg="C:\\Users\\sanja\\stock-market-ai\\docker-compose.yml: the attribute `version` is obsolete, it will be ignored, please remove it to avoid potential confusion"
 Container stock-market-ai-frontend-1 Running 
 Container stock-market-ai-backend-1 Running 
 Container stock-market-ai-finetune-sidecar-1 Running 
[21-09-2026 12:55:27.35] Backend healthy - paper trading active 
{"config_frozen_until":"2026-07-28","engine":"rust","status":"ok","symbols":["AMD","TMO","META","FCX","V","CVX","KO","UNP","AMZN"],"version":"claude_1"} 
[21-09-2026 12:55:27.36] Auto start complete 
[21-09-2026 13:10:26.66] === AUTO START === 
[21-09-2026 13:10:27.19] Docker daemon ready after 0 attempts 
[21-09-2026 13:10:27.20] Starting containers... 
time="2026-09-21T13:10:27-04:00" level=warning msg="C:\\Users\\sanja\\stock-market-ai\\docker-compose.yml: the attribute `version` is obsolete, it will be ignored, please remove it to avoid potential confusion"
 Container stock-market-ai-backend-1 Running 
 Container stock-market-ai-finetune-sidecar-1 Running 
 Container stock-market-ai-frontend-1 Running 
[21-09-2026 13:10:27.39] Backend healthy - paper trading active 
{"config_frozen_until":"2026-07-28","engine":"rust","status":"ok","symbols":["AMD","TMO","META","FCX","V","CVX","KO","UNP","AMZN"],"version":"claude_1"} 
[21-09-2026 13:10:27.40] Auto start complete 
[21-09-2026 13:25:26.63] === AUTO START === 
[21-09-2026 13:25:27.20] Docker daemon ready after 0 attempts 
[21-09-2026 13:25:27.20] Starting containers... 
time="2026-09-21T13:25:27-04:00" level=warning msg="C:\\Users\\sanja\\stock-market-ai\\docker-compose.yml: the attribute `version` is obsolete, it will be ignored, please remove it to avoid potential confusion"
 Container stock-market-ai-finetune-sidecar-1 Running 
 Container stock-market-ai-frontend-1 Running 
 Container stock-market-ai-backend-1 Running 
[21-09-2026 13:25:27.39] Backend healthy - paper trading active 
{"config_frozen_until":"2026-07-28","engine":"rust","status":"ok","symbols":["AMD","TMO","META","FCX","V","CVX","KO","UNP","AMZN"],"version":"claude_1"} 
[21-09-2026 13:25:27.40] Auto start complete 
[21-09-2026 13:40:26.64] === AUTO START === 
[21-09-2026 13:40:27.20] Docker daemon ready after 0 attempts 
[21-09-2026 13:40:27.21] Starting containers... 
time="2026-09-21T13:40:27-04:00" level=warning msg="C:\\Users\\sanja\\stock-market-ai\\docker-compose.yml: the attribute `version` is obsolete, it will be ignored, please remove it to avoid potential confusion"
 Container stock-market-ai-finetune-sidecar-1 Running 
 Container stock-market-ai-frontend-1 Running 
 Container stock-market-ai-backend-1 Running 
[21-09-2026 13:40:27.40] Backend healthy - paper trading active 
{"config_frozen_until":"2026-07-28","engine":"rust","status":"ok","symbols":["AMD","TMO","META","FCX","V","CVX","KO","UNP","AMZN"],"version":"claude_1"} 
[21-09-2026 13:40:27.41] Auto start complete 
[21-09-2026 13:55:26.64] === AUTO START === 
[21-09-2026 13:55:27.18] Docker daemon ready after 0 attempts 
[21-09-2026 13:55:27.18] Starting containers... 
time="2026-09-21T13:55:27-04:00" level=warning msg="C:\\Users\\sanja\\stock-market-ai\\docker-compose.yml: the attribute `version` is obsolete, it will be ignored, please remove it to avoid potential confusion"
 Container stock-market-ai-backend-1 Running 
 Container stock-market-ai-finetune-sidecar-1 Running 
 Container stock-market-ai-frontend-1 Running 
[21-09-2026 13:55:27.38] Backend healthy - paper trading active 
{"config_frozen_until":"2026-07-28","engine":"rust","status":"ok","symbols":["AMD","TMO","META","FCX","V","CVX","KO","UNP","AMZN"],"version":"claude_1"} 
[21-09-2026 13:55:27.39] Auto start complete 
[21-09-2026 14:10:26.62] === AUTO START === 
[21-09-2026 14:10:27.15] Docker daemon ready after 0 attempts 
[21-09-2026 14:10:27.16] Starting containers... 
time="2026-09-21T14:10:27-04:00" level=warning msg="C:\\Users\\sanja\\stock-market-ai\\docker-compose.yml: the attribute `version` is obsolete, it will be ignored, please remove it to avoid potential confusion"
 Container stock-market-ai-backend-1 Running 
 Container stock-market-ai-finetune-sidecar-1 Running 
 Container stock-market-ai-frontend-1 Running 
[21-09-2026 14:10:27.37] Backend healthy - paper trading active 
{"config_frozen_until":"2026-07-28","engine":"rust","status":"ok","symbols":["AMD","TMO","META","FCX","V","CVX","KO","UNP","AMZN"],"version":"claude_1"} 
[21-09-2026 14:10:27.38] Auto start complete 
[21-09-2026 14:25:26.66] === AUTO START === 
[21-09-2026 14:25:27.18] Docker daemon ready after 0 attempts 
[21-09-2026 14:25:27.18] Starting containers... 
time="2026-09-21T14:25:27-04:00" level=warning msg="C:\\Users\\sanja\\stock-market-ai\\docker-compose.yml: the attribute `version` is obsolete, it will be ignored, please remove it to avoid potential confusion"
 Container stock-market-ai-finetune-sidecar-1 Running 
 Container stock-market-ai-frontend-1 Running 
 Container stock-market-ai-backend-1 Running 
[21-09-2026 14:25:27.38] Backend healthy - paper trading active 
{"config_frozen_until":"2026-07-28","engine":"rust","status":"ok","symbols":["AMD","TMO","META","FCX","V","CVX","KO","UNP","AMZN"],"version":"claude_1"} 
[21-09-2026 14:25:27.39] Auto start complete 
[21-09-2026 14:40:26.64] === AUTO START === 
[21-09-2026 14:40:27.18] Docker daemon ready after 0 attempts 
[21-09-2026 14:40:27.18] Starting containers... 
time="2026-09-21T14:40:27-04:00" level=warning msg="C:\\Users\\sanja\\stock-market-ai\\docker-compose.yml: the attribute `version` is obsolete, it will be ignored, please remove it to avoid potential confusion"
 Container stock-market-ai-backend-1 Running 
 Container stock-market-ai-finetune-sidecar-1 Running 
 Container stock-market-ai-frontend-1 Running 
[21-09-2026 14:40:27.38] Backend healthy - paper trading active 
{"config_frozen_until":"2026-07-28","engine":"rust","status":"ok","symbols":["AMD","TMO","META","FCX","V","CVX","KO","UNP","AMZN"],"version":"claude_1"} 
[21-09-2026 14:40:27.39] Auto start complete 
[21-09-2026 14:55:26.65] === AUTO START === 
[21-09-2026 14:55:27.17] Docker daemon ready after 0 attempts 
[21-09-2026 14:55:27.17] Starting containers... 
time="2026-09-21T14:55:27-04:00" level=warning msg="C:\\Users\\sanja\\stock-market-ai\\docker-compose.yml: the attribute `version` is obsolete, it will be ignored, please remove it to avoid potential confusion"
 Container stock-market-ai-frontend-1 Running 
 Container stock-market-ai-backend-1 Running 
 Container stock-market-ai-finetune-sidecar-1 Running 
[21-09-2026 14:55:27.36] Backend healthy - paper trading active 
{"config_frozen_until":"2026-07-28","engine":"rust","status":"ok","symbols":["AMD","TMO","META","FCX","V","CVX","KO","UNP","AMZN"],"version":"claude_1"} 
[21-09-2026 14:55:27.37] Auto start complete 
[21-09-2026 15:10:26.64] === AUTO START === 
[21-09-2026 15:10:27.16] Docker daemon ready after 0 attempts 
[21-09-2026 15:10:27.16] Starting containers... 
time="2026-09-21T15:10:27-04:00" level=warning msg="C:\\Users\\sanja\\stock-market-ai\\docker-compose.yml: the attribute `version` is obsolete, it will be ignored, please remove it to avoid potential confusion"
 Container stock-market-ai-frontend-1 Running 
 Container stock-market-ai-backend-1 Running 
 Container stock-market-ai-finetune-sidecar-1 Running 
[21-09-2026 15:10:27.36] Backend healthy - paper trading active 
{"config_frozen_until":"2026-07-28","engine":"rust","status":"ok","symbols":["AMD","TMO","META","FCX","V","CVX","KO","UNP","AMZN"],"version":"claude_1"} 
[21-09-2026 15:10:27.37] Auto start complete 
[21-09-2026 15:25:26.63] === AUTO START === 
[21-09-2026 15:25:27.21] Docker daemon ready after 0 attempts 
[21-09-2026 15:25:27.21] Starting containers... 
time="2026-09-21T15:25:27-04:00" level=warning msg="C:\\Users\\sanja\\stock-market-ai\\docker-compose.yml: the attribute `version` is obsolete, it will be ignored, please remove it to avoid potential confusion"
 Container stock-market-ai-backend-1 Running 
 Container stock-market-ai-finetune-sidecar-1 Running 
 Container stock-market-ai-frontend-1 Running 
[21-09-2026 15:25:27.40] Backend healthy - paper trading active 
{"config_frozen_until":"2026-07-28","engine":"rust","status":"ok","symbols":["AMD","TMO","META","FCX","V","CVX","KO","UNP","AMZN"],"version":"claude_1"} 
[21-09-2026 15:25:27.41] Auto start complete 
[21-09-2026 16:10:01.10] === AUTO STOP === 
[21-09-2026 16:10:01.10] Saving container logs... 
[21-09-2026 16:10:16.40] Container logs saved to logs\backend_20260921.log 
[21-09-2026 16:10:16.40] Fetching final EOD report... 
[21-09-2026 16:10:16.43] EOD report saved to reports/ 
[21-09-2026 16:10:16.43] Final daily status: 
{"data_collected":{"AMD":{"predictions":22740,"ticks":22740,"trades":0},"AMZN":{"predictions":22740,"ticks":22740,"trades":2},"CVX":{"predictions":22724,"ticks":22724,"trades":6},"FCX":{"predictions":22769,"ticks":22769,"trades":2},"KO":{"predictions":22737,"ticks":22737,"trades":0},"META":{"predictions":22741,"ticks":22741,"trades":0},"TMO":{"predictions":22680,"ticks":22680,"trades":0},"UNP":{"predictions":22726,"ticks":22726,"trades":4},"V":{"predictions":22715,"ticks":22715,"trades":4}},"date":"2026-09-21","finetune_triggered":true,"portfolio":{"current_value":3000.0,"pnl":0.0,"profitable":false,"start_value":3000.0},"running":true,"snapshots_count":22898} 
[21-09-2026 16:10:16.45] Stopping containers... 
time="2026-09-21T16:10:16-04:00" level=warning msg="C:\\Users\\sanja\\stock-market-ai\\docker-compose.yml: the attribute `version` is obsolete, it will be ignored, please remove it to avoid potential confusion"
 Container stock-market-ai-frontend-1 Stopping 
 Container stock-market-ai-finetune-sidecar-1 Stopping 
 Container stock-market-ai-finetune-sidecar-1 Stopped 
 Container stock-market-ai-finetune-sidecar-1 Removing 
 Container stock-market-ai-frontend-1 Stopped 
 Container stock-market-ai-frontend-1 Removing 
 Container stock-market-ai-finetune-sidecar-1 Removed 
 Container stock-market-ai-frontend-1 Removed 
 Container stock-market-ai-backend-1 Stopping 
 Container stock-market-ai-backend-1 Stopped 
 Container stock-market-ai-backend-1 Removing 
 Container stock-market-ai-backend-1 Removed 
 Network stock-market-ai_default Removing 
 Network stock-market-ai_default Removed 
[21-09-2026 16:10:28.85] All containers stopped 
[21-09-2026 16:10:28.85] === SESSION COMPLETE === 
 
