[16-09-2026  8:18:03.74] === AUTO START === 
[16-09-2026  8:18:04.16] Outside 09:00-15:30 (minute 498) - not starting 
[16-09-2026  9:25:00.43] === AUTO START === 
[16-09-2026  9:25:00.87] Docker Desktop not running - launching 
[16-09-2026  9:25:14.55] Docker daemon ready after 1 attempts 
[16-09-2026  9:25:14.56] Starting containers... 
time="2026-09-16T09:25:14-04:00" level=warning msg="C:\\Users\\sanja\\stock-market-ai\\docker-compose.yml: the attribute `version` is obsolete, it will be ignored, please remove it to avoid potential confusion"
 Network stock-market-ai_default Creating 
 Network stock-market-ai_default Created 
 Container stock-market-ai-finetune-sidecar-1 Creating 
 Container stock-market-ai-backend-1 Creating 
 Container stock-market-ai-backend-1 Created 
 Container stock-market-ai-frontend-1 Creating 
 Container stock-market-ai-finetune-sidecar-1 Created 
 Container stock-market-ai-frontend-1 Created 
 Container stock-market-ai-backend-1 Starting 
 Container stock-market-ai-finetune-sidecar-1 Starting 
 Container stock-market-ai-backend-1 Started 
 Container stock-market-ai-frontend-1 Starting 
 Container stock-market-ai-frontend-1 Started 
 Container stock-market-ai-finetune-sidecar-1 Started 
[16-09-2026  9:25:20.60] Backend healthy - paper trading active 
{"config_frozen_until":"2026-07-28","engine":"rust","status":"ok","symbols":["AMD","TMO","COP","V","META","KO","FCX","UNP","AMZN"],"version":"claude_1"} 
[16-09-2026  9:25:20.63] Auto start complete 
[16-09-2026  9:40:00.95] === AUTO START === 
[16-09-2026  9:40:01.71] Docker daemon ready after 0 attempts 
[16-09-2026  9:40:01.72] Starting containers... 
time="2026-09-16T09:40:01-04:00" level=warning msg="C:\\Users\\sanja\\stock-market-ai\\docker-compose.yml: the attribute `version` is obsolete, it will be ignored, please remove it to avoid potential confusion"
 Container stock-market-ai-backend-1 Running 
 Container stock-market-ai-finetune-sidecar-1 Running 
 Container stock-market-ai-frontend-1 Running 
[16-09-2026  9:40:01.99] Backend healthy - paper trading active 
{"config_frozen_until":"2026-07-28","engine":"rust","status":"ok","symbols":["AMD","TMO","COP","V","META","KO","FCX","UNP","AMZN"],"version":"claude_1"} 
[16-09-2026  9:40:02.00] Auto start complete 
[16-09-2026  9:55:01.00] === AUTO START === 
[16-09-2026  9:55:01.78] Docker daemon ready after 0 attempts 
[16-09-2026  9:55:01.78] Starting containers... 
time="2026-09-16T09:55:01-04:00" level=warning msg="C:\\Users\\sanja\\stock-market-ai\\docker-compose.yml: the attribute `version` is obsolete, it will be ignored, please remove it to avoid potential confusion"
 Container stock-market-ai-frontend-1 Running 
 Container stock-market-ai-backend-1 Running 
 Container stock-market-ai-finetune-sidecar-1 Running 
[16-09-2026  9:55:02.05] Backend healthy - paper trading active 
{"config_frozen_until":"2026-07-28","engine":"rust","status":"ok","symbols":["AMD","TMO","COP","V","META","KO","FCX","UNP","AMZN"],"version":"claude_1"} 
[16-09-2026  9:55:02.06] Auto start complete 
