[03-08-2026  9:25:00.44] === AUTO START === 
[03-08-2026 16:10:01.35] === AUTO STOP === 
[03-08-2026 16:10:01.35] Fetching final EOD report... 
[03-08-2026 16:10:01.39] EOD report saved to reports/ 
[03-08-2026 16:10:01.39] Final daily status: 
{"data_collected":{"AAPL":{"predictions":14421,"ticks":14421,"trades":6},"AMZN":{"predictions":14419,"ticks":14419,"trades":1},"GOOGL":{"predictions":14409,"ticks":14409,"trades":1},"MSFT":{"predictions":14412,"ticks":14412,"trades":1},"NVDA":{"predictions":14420,"ticks":14420,"trades":1}},"date":"2026-08-03","finetune_triggered":true,"portfolio":{"current_value":3000.0,"pnl":0.0,"profitable":false,"start_value":3039.17},"running":true,"snapshots_count":14425} 
[03-08-2026 16:10:01.41] Stopping containers... 
time="2026-08-03T16:10:01-04:00" level=warning msg="C:\\Users\\sanja\\stock-market-ai\\docker-compose.yml: the attribute `version` is obsolete, it will be ignored, please remove it to avoid potential confusion"
 Container stock-market-ai-finetune-sidecar-1 Stopping 
 Container stock-market-ai-frontend-1 Stopping 
 Container stock-market-ai-finetune-sidecar-1 Stopped 
 Container stock-market-ai-finetune-sidecar-1 Removing 
 Container stock-market-ai-finetune-sidecar-1 Removed 
 Container stock-market-ai-frontend-1 Stopped 
 Container stock-market-ai-frontend-1 Removing 
 Container stock-market-ai-frontend-1 Removed 
 Container stock-market-ai-backend-1 Stopping 
 Container stock-market-ai-backend-1 Stopped 
 Container stock-market-ai-backend-1 Removing 
 Container stock-market-ai-backend-1 Removed 
 Container stock-market-ai-redis-1 Stopping 
 Container stock-market-ai-redis-1 Stopped 
 Container stock-market-ai-redis-1 Removing 
 Container stock-market-ai-redis-1 Removed 
 Network stock-market-ai_default Removing 
 Network stock-market-ai_default Removed 
[03-08-2026 16:10:14.16] All containers stopped 
[03-08-2026 16:10:14.16] === SESSION COMPLETE === 
 
[04-08-2026  9:25:01.64] === AUTO START === 
[04-08-2026 16:10:00.52] === AUTO STOP === 
[04-08-2026 16:10:00.52] Fetching final EOD report... 
[04-08-2026 16:10:00.56] EOD report saved to reports/ 
[04-08-2026 16:10:00.56] Final daily status: 
{"data_collected":{"AAPL":{"predictions":23559,"ticks":23559,"trades":2},"AMZN":{"predictions":22982,"ticks":22982,"trades":7},"GOOGL":{"predictions":22983,"ticks":22983,"trades":2},"MSFT":{"predictions":22984,"ticks":22984,"trades":2},"NVDA":{"predictions":22988,"ticks":22988,"trades":6}},"date":"2026-08-04","finetune_triggered":true,"portfolio":{"current_value":3000.0,"pnl":0.0,"profitable":false,"start_value":3000.01},"running":true,"snapshots_count":23558} 
[04-08-2026 16:10:00.59] Stopping containers... 
time="2026-08-04T16:10:00-04:00" level=warning msg="C:\\Users\\sanja\\stock-market-ai\\docker-compose.yml: the attribute `version` is obsolete, it will be ignored, please remove it to avoid potential confusion"
 Container stock-market-ai-frontend-1 Stopping 
 Container stock-market-ai-finetune-sidecar-1 Stopping 
 Container stock-market-ai-finetune-sidecar-1 Stopped 
 Container stock-market-ai-finetune-sidecar-1 Removing 
 Container stock-market-ai-finetune-sidecar-1 Removed 
 Container stock-market-ai-frontend-1 Stopped 
 Container stock-market-ai-frontend-1 Removing 
 Container stock-market-ai-frontend-1 Removed 
 Container stock-market-ai-backend-1 Stopping 
 Container stock-market-ai-backend-1 Stopped 
 Container stock-market-ai-backend-1 Removing 
 Container stock-market-ai-backend-1 Removed 
 Container stock-market-ai-redis-1 Stopping 
 Container stock-market-ai-redis-1 Stopped 
 Container stock-market-ai-redis-1 Removing 
 Container stock-market-ai-redis-1 Removed 
 Network stock-market-ai_default Removing 
 Network stock-market-ai_default Removed 
[04-08-2026 16:10:13.39] All containers stopped 
[04-08-2026 16:10:13.39] === SESSION COMPLETE === 
 
[05-08-2026  9:25:00.70] === AUTO START === 
[05-08-2026 16:10:00.75] === AUTO STOP === 
[05-08-2026 16:10:00.75] Fetching final EOD report... 
[05-08-2026 16:10:03.03] WARNING: Could not fetch EOD report 
[05-08-2026 16:10:03.03] Final daily status: 
 
[05-08-2026 16:10:05.32] Stopping containers... 
time="2026-08-05T16:10:05-04:00" level=warning msg="C:\\Users\\sanja\\stock-market-ai\\docker-compose.yml: the attribute `version` is obsolete, it will be ignored, please remove it to avoid potential confusion"
failed to connect to the docker API at npipe:////./pipe/dockerDesktopLinuxEngine; check if the path is correct and if the daemon is running: open //./pipe/dockerDesktopLinuxEngine: The system cannot find the file specified.
[05-08-2026 16:10:05.62] All containers stopped 
[05-08-2026 16:10:05.62] === SESSION COMPLETE === 
 
[06-08-2026  9:25:00.95] === AUTO START === 
[06-08-2026 16:10:00.90] === AUTO STOP === 
[06-08-2026 16:10:00.90] Fetching final EOD report... 
[06-08-2026 16:10:00.96] EOD report saved to reports/ 
[06-08-2026 16:10:00.96] Final daily status: 
{"data_collected":{"AAPL":{"predictions":21671,"ticks":21671,"trades":5},"AMZN":{"predictions":21667,"ticks":21667,"trades":2},"GOOGL":{"predictions":21647,"ticks":21647,"trades":1},"MSFT":{"predictions":21666,"ticks":21666,"trades":7},"NVDA":{"predictions":21671,"ticks":21671,"trades":5}},"date":"2026-08-06","finetune_triggered":true,"portfolio":{"current_value":3000.0,"pnl":0.0,"profitable":false,"start_value":2995.57},"running":true,"snapshots_count":21674} 
[06-08-2026 16:10:00.98] Stopping containers... 
time="2026-08-06T16:10:01-04:00" level=warning msg="C:\\Users\\sanja\\stock-market-ai\\docker-compose.yml: the attribute `version` is obsolete, it will be ignored, please remove it to avoid potential confusion"
 Container stock-market-ai-frontend-1 Stopping 
 Container stock-market-ai-finetune-sidecar-1 Stopping 
 Container stock-market-ai-finetune-sidecar-1 Stopped 
 Container stock-market-ai-finetune-sidecar-1 Removing 
 Container stock-market-ai-finetune-sidecar-1 Removed 
 Container stock-market-ai-frontend-1 Stopped 
 Container stock-market-ai-frontend-1 Removing 
 Container stock-market-ai-frontend-1 Removed 
 Container stock-market-ai-backend-1 Stopping 
 Container stock-market-ai-backend-1 Stopped 
 Container stock-market-ai-backend-1 Removing 
 Container stock-market-ai-backend-1 Removed 
 Network stock-market-ai_default Removing 
 Network stock-market-ai_default Removed 
[06-08-2026 16:10:13.00] All containers stopped 
[06-08-2026 16:10:13.00] === SESSION COMPLETE === 
 
[07-08-2026  9:25:00.94] === AUTO START === 
[07-08-2026 16:10:01.24] === AUTO STOP === 
[07-08-2026 16:10:01.25] Fetching final EOD report... 
[07-08-2026 16:10:01.28] EOD report saved to reports/ 
[07-08-2026 16:10:01.28] Final daily status: 
{"data_collected":{"AAPL":{"predictions":7658,"ticks":7658,"trades":1},"AMD":{"predictions":7643,"ticks":7643,"trades":0},"AMZN":{"predictions":7661,"ticks":7661,"trades":1},"BAC":{"predictions":7584,"ticks":7584,"trades":0},"COP":{"predictions":7611,"ticks":7611,"trades":0},"DIS":{"predictions":7597,"ticks":7597,"trades":0},"DUK":{"predictions":7542,"ticks":7542,"trades":0},"EQIX":{"predictions":7418,"ticks":7418,"trades":0},"FCX":{"predictions":7655,"ticks":7655,"trades":0},"GOOGL":{"predictions":7648,"ticks":7648,"trades":1},"KO":{"predictions":7614,"ticks":7614,"trades":0},"MSFT":{"predictions":7617,"ticks":7617,"trades":1},"RTX":{"predictions":7491,"ticks":7491,"trades":0},"UNH":{"predictions":7579,"ticks":7579,"trades":0}},"date":"2026-08-07","finetune_triggered":true,"portfolio":{"current_value":3000.0,"pnl":0.0,"profitable":false,"start_value":3000.46},"running":true,"snapshots_count":7670} 
[07-08-2026 16:10:01.31] Stopping containers... 
time="2026-08-07T16:10:01-04:00" level=warning msg="C:\\Users\\sanja\\stock-market-ai\\docker-compose.yml: the attribute `version` is obsolete, it will be ignored, please remove it to avoid potential confusion"
 Container stock-market-ai-finetune-sidecar-1 Stopping 
 Container stock-market-ai-frontend-1 Stopping 
 Container stock-market-ai-finetune-sidecar-1 Stopped 
 Container stock-market-ai-finetune-sidecar-1 Removing 
 Container stock-market-ai-finetune-sidecar-1 Removed 
 Container stock-market-ai-frontend-1 Stopped 
 Container stock-market-ai-frontend-1 Removing 
 Container stock-market-ai-frontend-1 Removed 
 Container stock-market-ai-backend-1 Stopping 
 Container stock-market-ai-backend-1 Stopped 
 Container stock-market-ai-backend-1 Removing 
 Container stock-market-ai-backend-1 Removed 
 Network stock-market-ai_default Removing 
 Network stock-market-ai_default Removed 
[07-08-2026 16:10:13.65] All containers stopped 
[07-08-2026 16:10:13.65] === SESSION COMPLETE === 
 
[10-08-2026  9:25:00.55] === AUTO START === 
[10-08-2026 16:10:00.61] === AUTO STOP === 
[10-08-2026 16:10:00.61] Fetching final EOD report... 
[10-08-2026 16:10:00.64] EOD report saved to reports/ 
[10-08-2026 16:10:00.64] Final daily status: 
{"data_collected":{"AMD":{"predictions":25107,"ticks":25107,"trades":2},"AMZN":{"predictions":25624,"ticks":25624,"trades":2},"BAC":{"predictions":23996,"ticks":23996,"trades":0},"COP":{"predictions":23998,"ticks":23998,"trades":0},"DIS":{"predictions":23950,"ticks":23950,"trades":2},"DUK":{"predictions":23940,"ticks":23940,"trades":2},"EQIX":{"predictions":23635,"ticks":23635,"trades":2},"FCX":{"predictions":23917,"ticks":23917,"trades":2},"KO":{"predictions":23995,"ticks":23995,"trades":0},"RTX":{"predictions":23994,"ticks":23994,"trades":0},"UNH":{"predictions":23989,"ticks":23989,"trades":0}},"date":"2026-08-10","finetune_triggered":true,"portfolio":{"current_value":3000.0,"pnl":0.0,"profitable":false,"start_value":3000.0},"running":true,"snapshots_count":27523} 
[10-08-2026 16:10:00.68] Stopping containers... 
time="2026-08-10T16:10:00-04:00" level=warning msg="C:\\Users\\sanja\\stock-market-ai\\docker-compose.yml: the attribute `version` is obsolete, it will be ignored, please remove it to avoid potential confusion"
 Container stock-market-ai-finetune-sidecar-1 Stopping 
 Container stock-market-ai-frontend-1 Stopping 
 Container stock-market-ai-finetune-sidecar-1 Stopped 
 Container stock-market-ai-finetune-sidecar-1 Removing 
 Container stock-market-ai-finetune-sidecar-1 Removed 
 Container stock-market-ai-frontend-1 Stopped 
 Container stock-market-ai-frontend-1 Removing 
 Container stock-market-ai-frontend-1 Removed 
 Container stock-market-ai-backend-1 Stopping 
 Container stock-market-ai-backend-1 Stopped 
 Container stock-market-ai-backend-1 Removing 
 Container stock-market-ai-backend-1 Removed 
 Network stock-market-ai_default Removing 
 Network stock-market-ai_default Removed 
[10-08-2026 16:10:14.04] All containers stopped 
[10-08-2026 16:10:14.04] === SESSION COMPLETE === 
 
[11-08-2026  9:25:00.97] === AUTO START === 
[11-08-2026 16:10:00.95] === AUTO STOP === 
[11-08-2026 16:10:00.96] Fetching final EOD report... 
[11-08-2026 16:10:00.99] EOD report saved to reports/ 
[11-08-2026 16:10:00.99] Final daily status: 
{"data_collected":{"AMD":{"predictions":5239,"ticks":5239,"trades":1},"AMZN":{"predictions":5252,"ticks":5252,"trades":1},"BAC":{"predictions":5203,"ticks":5203,"trades":1},"COP":{"predictions":5206,"ticks":5206,"trades":1},"EQIX":{"predictions":5027,"ticks":5027,"trades":0},"FCX":{"predictions":5225,"ticks":5225,"trades":0},"GOOGL":{"predictions":5255,"ticks":5255,"trades":0},"KO":{"predictions":5234,"ticks":5234,"trades":1},"RTX":{"predictions":5133,"ticks":5133,"trades":0},"TMO":{"predictions":5110,"ticks":5110,"trades":0}},"date":"2026-08-11","finetune_triggered":true,"portfolio":{"current_value":3000.0,"pnl":0.0,"profitable":false,"start_value":3007.85},"running":true,"snapshots_count":5263} 
[11-08-2026 16:10:01.05] Stopping containers... 
time="2026-08-11T16:10:01-04:00" level=warning msg="C:\\Users\\sanja\\stock-market-ai\\docker-compose.yml: the attribute `version` is obsolete, it will be ignored, please remove it to avoid potential confusion"
 Container stock-market-ai-frontend-1 Stopping 
 Container stock-market-ai-finetune-sidecar-1 Stopping 
 Container stock-market-ai-finetune-sidecar-1 Stopped 
 Container stock-market-ai-finetune-sidecar-1 Removing 
 Container stock-market-ai-finetune-sidecar-1 Removed 
 Container stock-market-ai-frontend-1 Stopped 
 Container stock-market-ai-frontend-1 Removing 
 Container stock-market-ai-frontend-1 Removed 
 Container stock-market-ai-backend-1 Stopping 
 Container stock-market-ai-backend-1 Stopped 
 Container stock-market-ai-backend-1 Removing 
 Container stock-market-ai-backend-1 Removed 
 Network stock-market-ai_default Removing 
 Network stock-market-ai_default Removed 
[11-08-2026 16:10:13.51] All containers stopped 
[11-08-2026 16:10:13.51] === SESSION COMPLETE === 
 
[12-08-2026  9:42:06.06] === AUTO START === 
[12-08-2026 16:10:00.39] === AUTO STOP === 
[12-08-2026 16:10:00.40] Fetching final EOD report... 
[12-08-2026 16:10:00.46] EOD report saved to reports/ 
[12-08-2026 16:10:00.46] Final daily status: 
{"data_collected":{"AMD":{"predictions":21476,"ticks":21476,"trades":0},"AMZN":{"predictions":21467,"ticks":21467,"trades":0},"BAC":{"predictions":21466,"ticks":21466,"trades":0},"COP":{"predictions":21343,"ticks":21343,"trades":0},"DIS":{"predictions":21451,"ticks":21451,"trades":2},"EQIX":{"predictions":21114,"ticks":21114,"trades":0},"FCX":{"predictions":21433,"ticks":21433,"trades":2},"KO":{"predictions":21465,"ticks":21465,"trades":2},"RTX":{"predictions":21435,"ticks":21435,"trades":2},"TMO":{"predictions":21448,"ticks":21448,"trades":0}},"date":"2026-08-12","finetune_triggered":true,"portfolio":{"current_value":3000.0,"pnl":0.0,"profitable":false,"start_value":3000.0},"running":true,"snapshots_count":21476} 
[12-08-2026 16:10:00.49] Stopping containers... 
time="2026-08-12T16:10:00-04:00" level=warning msg="C:\\Users\\sanja\\stock-market-ai\\docker-compose.yml: the attribute `version` is obsolete, it will be ignored, please remove it to avoid potential confusion"
 Container stock-market-ai-finetune-sidecar-1 Stopping 
 Container stock-market-ai-frontend-1 Stopping 
 Container stock-market-ai-finetune-sidecar-1 Stopped 
 Container stock-market-ai-finetune-sidecar-1 Removing 
 Container stock-market-ai-finetune-sidecar-1 Removed 
 Container stock-market-ai-frontend-1 Stopped 
 Container stock-market-ai-frontend-1 Removing 
 Container stock-market-ai-frontend-1 Removed 
 Container stock-market-ai-backend-1 Stopping 
 Container stock-market-ai-backend-1 Stopped 
 Container stock-market-ai-backend-1 Removing 
 Container stock-market-ai-backend-1 Removed 
 Network stock-market-ai_default Removing 
 Network stock-market-ai_default Removed 
[12-08-2026 16:10:14.17] All containers stopped 
[12-08-2026 16:10:14.17] === SESSION COMPLETE === 
 
[13-08-2026  9:25:01.12] === AUTO START === 
[13-08-2026 16:10:01.06] === AUTO STOP === 
[13-08-2026 16:10:01.06] Fetching final EOD report... 
[13-08-2026 16:10:01.13] EOD report saved to reports/ 
[13-08-2026 16:10:01.13] Final daily status: 
{"data_collected":{"AMD":{"predictions":21160,"ticks":21160,"trades":4},"AMZN":{"predictions":21186,"ticks":21186,"trades":2},"BAC":{"predictions":21175,"ticks":21175,"trades":2},"COP":{"predictions":21168,"ticks":21168,"trades":2},"EQIX":{"predictions":20937,"ticks":20937,"trades":2},"FCX":{"predictions":21171,"ticks":21171,"trades":6},"KO":{"predictions":21181,"ticks":21181,"trades":2},"RTX":{"predictions":21146,"ticks":21146,"trades":2},"TMO":{"predictions":21151,"ticks":21151,"trades":2}},"date":"2026-08-13","finetune_triggered":true,"portfolio":{"current_value":3000.0,"pnl":0.0,"profitable":false,"start_value":3000.0},"running":true,"snapshots_count":21198} 
[13-08-2026 16:10:01.16] Stopping containers... 
time="2026-08-13T16:10:01-04:00" level=warning msg="C:\\Users\\sanja\\stock-market-ai\\docker-compose.yml: the attribute `version` is obsolete, it will be ignored, please remove it to avoid potential confusion"
 Container stock-market-ai-frontend-1 Stopping 
 Container stock-market-ai-finetune-sidecar-1 Stopping 
 Container stock-market-ai-finetune-sidecar-1 Stopped 
 Container stock-market-ai-finetune-sidecar-1 Removing 
 Container stock-market-ai-finetune-sidecar-1 Removed 
 Container stock-market-ai-frontend-1 Stopped 
 Container stock-market-ai-frontend-1 Removing 
 Container stock-market-ai-frontend-1 Removed 
 Container stock-market-ai-backend-1 Stopping 
 Container stock-market-ai-backend-1 Stopped 
 Container stock-market-ai-backend-1 Removing 
 Container stock-market-ai-backend-1 Removed 
 Network stock-market-ai_default Removing 
 Network stock-market-ai_default Removed 
[13-08-2026 16:10:14.74] All containers stopped 
[13-08-2026 16:10:14.74] === SESSION COMPLETE === 
 
[13-08-2026 17:48:19.56] === AUTO START === 
[13-08-2026 17:48:19.80] Docker daemon ready after 0 attempts 
[13-08-2026 17:48:19.80] Starting containers... 
time="2026-08-13T17:48:19-04:00" level=warning msg="C:\\Users\\sanja\\stock-market-ai\\docker-compose.yml: the attribute `version` is obsolete, it will be ignored, please remove it to avoid potential confusion"
 Network stock-market-ai_default Creating 
 Network stock-market-ai_default Created 
 Container stock-market-ai-finetune-sidecar-1 Creating 
 Container stock-market-ai-backend-1 Creating 
 Container stock-market-ai-backend-1 Created 
 Container stock-market-ai-frontend-1 Creating 
 Container stock-market-ai-finetune-sidecar-1 Created 
 Container stock-market-ai-frontend-1 Created 
 Container stock-market-ai-finetune-sidecar-1 Starting 
 Container stock-market-ai-backend-1 Starting 
 Container stock-market-ai-backend-1 Started 
 Container stock-market-ai-frontend-1 Starting 
 Container stock-market-ai-finetune-sidecar-1 Started 
 Container stock-market-ai-frontend-1 Started 
[13-08-2026 17:48:20.81] Backend healthy - paper trading active 
{"config_frozen_until":"2026-07-28","engine":"rust","status":"ok","symbols":["AMD","TMO","BAC","RTX","AMZN","COP","EQIX","KO","SHW","DIS","DUK"],"version":"claude_1"} 
[13-08-2026 17:48:20.83] Auto start complete 
[13-08-2026 17:50:06.76] === AUTO START === 
[13-08-2026 17:50:06.83] Docker Desktop not running - launching 
[13-08-2026 17:52:23.83] === AUTO START === 
[13-08-2026 17:52:24.18] Docker daemon ready after 0 attempts 
[13-08-2026 17:52:24.18] Starting containers... 
time="2026-08-13T17:52:24-04:00" level=warning msg="C:\\Users\\sanja\\stock-market-ai\\docker-compose.yml: the attribute `version` is obsolete, it will be ignored, please remove it to avoid potential confusion"
 Network stock-market-ai_default Creating 
 Network stock-market-ai_default Created 
 Container stock-market-ai-finetune-sidecar-1 Creating 
 Container stock-market-ai-backend-1 Creating 
 Container stock-market-ai-backend-1 Created 
 Container stock-market-ai-frontend-1 Creating 
 Container stock-market-ai-finetune-sidecar-1 Created 
 Container stock-market-ai-frontend-1 Created 
 Container stock-market-ai-backend-1 Starting 
 Container stock-market-ai-finetune-sidecar-1 Starting 
 Container stock-market-ai-backend-1 Started 
 Container stock-market-ai-frontend-1 Starting 
 Container stock-market-ai-finetune-sidecar-1 Started 
 Container stock-market-ai-frontend-1 Started 
[13-08-2026 17:52:25.37] Backend healthy - paper trading active 
{"config_frozen_until":"2026-07-28","engine":"rust","status":"ok","symbols":["AMD","TMO","BAC","RTX","AMZN","COP","EQIX","KO","SHW","DIS","DUK"],"version":"claude_1"} 
[13-08-2026 17:52:25.40] Auto start complete 
[13-08-2026 17:53:16.84] === AUTO START === 
[13-08-2026 17:53:16.91] Docker Desktop not running - launching 
[13-08-2026 17:53:22.42] Docker daemon ready after 1 attempts 
[13-08-2026 17:53:22.42] Starting containers... 
time="2026-08-13T17:53:22-04:00" level=warning msg="C:\\Users\\sanja\\stock-market-ai\\docker-compose.yml: the attribute `version` is obsolete, it will be ignored, please remove it to avoid potential confusion"
 Network stock-market-ai_default Creating 
 Network stock-market-ai_default Created 
 Container stock-market-ai-backend-1 Creating 
 Container stock-market-ai-finetune-sidecar-1 Creating 
 Container stock-market-ai-backend-1 Created 
 Container stock-market-ai-frontend-1 Creating 
 Container stock-market-ai-finetune-sidecar-1 Created 
 Container stock-market-ai-frontend-1 Created 
 Container stock-market-ai-backend-1 Starting 
 Container stock-market-ai-finetune-sidecar-1 Starting 
 Container stock-market-ai-backend-1 Started 
 Container stock-market-ai-frontend-1 Starting 
 Container stock-market-ai-finetune-sidecar-1 Started 
 Container stock-market-ai-frontend-1 Started 
[13-08-2026 17:53:23.72] Backend healthy - paper trading active 
{"config_frozen_until":"2026-07-28","engine":"rust","status":"ok","symbols":["AMD","TMO","BAC","RTX","AMZN","COP","EQIX","KO","SHW","DIS","DUK"],"version":"claude_1"} 
[13-08-2026 17:53:23.75] Auto start complete 
[14-08-2026  9:53:43.09] === AUTO START === 
[14-08-2026  9:53:43.15] Docker Desktop not running - launching 
[14-08-2026  9:53:51.47] Docker daemon ready after 1 attempts 
[14-08-2026  9:53:51.47] Starting containers... 
time="2026-08-14T09:53:51-04:00" level=warning msg="C:\\Users\\sanja\\stock-market-ai\\docker-compose.yml: the attribute `version` is obsolete, it will be ignored, please remove it to avoid potential confusion"
 Container stock-market-ai-backend-1 Starting 
 Container stock-market-ai-finetune-sidecar-1 Starting 
 Container stock-market-ai-backend-1 Started 
 Container stock-market-ai-frontend-1 Starting 
 Container stock-market-ai-frontend-1 Started 
 Container stock-market-ai-finetune-sidecar-1 Started 
[14-08-2026  9:53:53.42] Backend healthy - paper trading active 
{"config_frozen_until":"2026-07-28","engine":"rust","status":"ok","symbols":["AMD","TMO","BAC","RTX","AMZN","COP","EQIX","KO","SHW","DIS","DUK"],"version":"claude_1"} 
[14-08-2026  9:53:53.44] Auto start complete 
[14-08-2026 16:10:00.76] === AUTO STOP === 
[14-08-2026 16:10:00.76] Fetching final EOD report... 
[14-08-2026 16:10:00.81] EOD report saved to reports/ 
[14-08-2026 16:10:00.81] Final daily status: 
{"data_collected":{"AMD":{"predictions":22484,"ticks":22484,"trades":0},"AMZN":{"predictions":22478,"ticks":22478,"trades":2},"BAC":{"predictions":22489,"ticks":22489,"trades":2},"COP":{"predictions":22474,"ticks":22474,"trades":2},"DIS":{"predictions":22396,"ticks":22396,"trades":0},"DUK":{"predictions":22425,"ticks":22425,"trades":0},"EQIX":{"predictions":22155,"ticks":22155,"trades":0},"KO":{"predictions":22477,"ticks":22477,"trades":0},"RTX":{"predictions":22390,"ticks":22390,"trades":2},"SHW":{"predictions":22131,"ticks":22131,"trades":2},"TMO":{"predictions":22230,"ticks":22230,"trades":2}},"date":"2026-08-14","finetune_triggered":true,"portfolio":{"current_value":3000.0,"pnl":0.0,"profitable":false,"start_value":3000.0},"running":true,"snapshots_count":22490} 
[14-08-2026 16:10:00.84] Stopping containers... 
time="2026-08-14T16:10:01-04:00" level=warning msg="C:\\Users\\sanja\\stock-market-ai\\docker-compose.yml: the attribute `version` is obsolete, it will be ignored, please remove it to avoid potential confusion"
 Container stock-market-ai-frontend-1 Stopping 
 Container stock-market-ai-finetune-sidecar-1 Stopping 
 Container stock-market-ai-finetune-sidecar-1 Stopped 
 Container stock-market-ai-finetune-sidecar-1 Removing 
 Container stock-market-ai-finetune-sidecar-1 Removed 
 Container stock-market-ai-frontend-1 Stopped 
 Container stock-market-ai-frontend-1 Removing 
 Container stock-market-ai-frontend-1 Removed 
 Container stock-market-ai-backend-1 Stopping 
 Container stock-market-ai-backend-1 Stopped 
 Container stock-market-ai-backend-1 Removing 
 Container stock-market-ai-backend-1 Removed 
 Network stock-market-ai_default Removing 
 Network stock-market-ai_default Removed 
[14-08-2026 16:10:13.25] All containers stopped 
[14-08-2026 16:10:13.25] === SESSION COMPLETE === 
 
[17-08-2026  9:25:00.60] === AUTO START === 
[17-08-2026  9:25:00.83] Docker daemon ready after 0 attempts 
[17-08-2026  9:25:00.83] Starting containers... 
time="2026-08-17T09:25:00-04:00" level=warning msg="C:\\Users\\sanja\\stock-market-ai\\docker-compose.yml: the attribute `version` is obsolete, it will be ignored, please remove it to avoid potential confusion"
 Container stock-market-ai-frontend-1 Running 
 Container stock-market-ai-backend-1 Running 
 Container stock-market-ai-finetune-sidecar-1 Running 
[17-08-2026  9:25:01.03] Backend healthy - paper trading active 
{"config_frozen_until":"2026-07-28","engine":"rust","status":"ok","symbols":["AMD","BAC","TMO","RTX","AMZN","COP","EQIX","KO","FCX","DIS"],"version":"claude_1"} 
[17-08-2026  9:25:01.05] Auto start complete 
[17-08-2026 16:10:00.79] === AUTO STOP === 
[17-08-2026 16:10:00.79] Fetching final EOD report... 
[17-08-2026 16:10:00.83] EOD report saved to reports/ 
[17-08-2026 16:10:00.83] Final daily status: 
{"data_collected":{"AMD":{"predictions":27189,"ticks":27189,"trades":4},"AMZN":{"predictions":25677,"ticks":25677,"trades":2},"BAC":{"predictions":23997,"ticks":23997,"trades":0},"COP":{"predictions":23920,"ticks":23920,"trades":4},"DIS":{"predictions":23957,"ticks":23957,"trades":4},"EQIX":{"predictions":23732,"ticks":23732,"trades":2},"FCX":{"predictions":23888,"ticks":23888,"trades":2},"KO":{"predictions":23989,"ticks":23989,"trades":4},"RTX":{"predictions":23892,"ticks":23892,"trades":0},"TMO":{"predictions":23954,"ticks":23954,"trades":2}},"date":"2026-08-17","finetune_triggered":true,"portfolio":{"current_value":3000.0,"pnl":0.0,"profitable":false,"start_value":3000.0},"running":true,"snapshots_count":30144} 
[17-08-2026 16:10:00.85] Stopping containers... 
time="2026-08-17T16:10:01-04:00" level=warning msg="C:\\Users\\sanja\\stock-market-ai\\docker-compose.yml: the attribute `version` is obsolete, it will be ignored, please remove it to avoid potential confusion"
 Container stock-market-ai-frontend-1 Stopping 
 Container stock-market-ai-finetune-sidecar-1 Stopping 
 Container stock-market-ai-finetune-sidecar-1 Stopped 
 Container stock-market-ai-finetune-sidecar-1 Removing 
 Container stock-market-ai-finetune-sidecar-1 Removed 
 Container stock-market-ai-frontend-1 Stopped 
 Container stock-market-ai-frontend-1 Removing 
 Container stock-market-ai-frontend-1 Removed 
 Container stock-market-ai-backend-1 Stopping 
 Container stock-market-ai-backend-1 Stopped 
 Container stock-market-ai-backend-1 Removing 
 Container stock-market-ai-backend-1 Removed 
 Network stock-market-ai_default Removing 
 Network stock-market-ai_default Removed 
[17-08-2026 16:10:14.76] All containers stopped 
[17-08-2026 16:10:14.76] === SESSION COMPLETE === 
 
[18-08-2026  9:16:49.68] === AUTO START === 
[18-08-2026  9:16:49.76] Docker Desktop not running - launching 
[18-08-2026  9:17:01.48] Docker daemon ready after 1 attempts 
[18-08-2026  9:17:01.48] Starting containers... 
time="2026-08-18T09:17:01-04:00" level=warning msg="C:\\Users\\sanja\\stock-market-ai\\docker-compose.yml: the attribute `version` is obsolete, it will be ignored, please remove it to avoid potential confusion"
 Container stock-market-ai-finetune-sidecar-1 Starting 
 Container stock-market-ai-backend-1 Starting 
 Container stock-market-ai-backend-1 Started 
 Container stock-market-ai-frontend-1 Starting 
 Container stock-market-ai-frontend-1 Started 
 Container stock-market-ai-finetune-sidecar-1 Started 
[18-08-2026  9:17:04.58] Backend healthy - paper trading active 
{"config_frozen_until":"2026-07-28","engine":"rust","status":"ok","symbols":["AMD","TMO","RTX","BAC","AMZN","FCX","COP","EQIX","KO","DIS"],"version":"claude_1"} 
[18-08-2026  9:17:04.62] Auto start complete 
[18-08-2026  9:25:01.14] === AUTO START === 
[18-08-2026  9:25:01.46] Docker daemon ready after 0 attempts 
[18-08-2026  9:25:01.46] Starting containers... 
time="2026-08-18T09:25:01-04:00" level=warning msg="C:\\Users\\sanja\\stock-market-ai\\docker-compose.yml: the attribute `version` is obsolete, it will be ignored, please remove it to avoid potential confusion"
 Container stock-market-ai-finetune-sidecar-1 Running 
 Container stock-market-ai-frontend-1 Running 
 Container stock-market-ai-backend-1 Running 
[18-08-2026  9:25:01.70] Backend healthy - paper trading active 
{"config_frozen_until":"2026-07-28","engine":"rust","status":"ok","symbols":["AMD","TMO","RTX","BAC","AMZN","FCX","COP","EQIX","KO","DIS"],"version":"claude_1"} 
[18-08-2026  9:25:01.71] Auto start complete 
[18-08-2026 16:10:01.38] === AUTO STOP === 
[18-08-2026 16:10:01.39] Fetching final EOD report... 
[18-08-2026 16:10:01.44] EOD report saved to reports/ 
[18-08-2026 16:10:01.44] Final daily status: 
{"data_collected":{"AMD":{"predictions":8767,"ticks":8767,"trades":2},"AMZN":{"predictions":8820,"ticks":8820,"trades":1},"BAC":{"predictions":8748,"ticks":8748,"trades":1},"COP":{"predictions":8809,"ticks":8809,"trades":0},"DIS":{"predictions":8767,"ticks":8767,"trades":2},"EQIX":{"predictions":8680,"ticks":8680,"trades":1},"FCX":{"predictions":8788,"ticks":8788,"trades":1},"GE":{"predictions":8798,"ticks":8798,"trades":0},"KO":{"predictions":8806,"ticks":8806,"trades":0},"RTX":{"predictions":8782,"ticks":8782,"trades":1},"TMO":{"predictions":8631,"ticks":8631,"trades":0}},"date":"2026-08-18","finetune_triggered":true,"portfolio":{"current_value":3000.0,"pnl":0.0,"profitable":false,"start_value":2992.53},"running":true,"snapshots_count":8821} 
[18-08-2026 16:10:01.50] Stopping containers... 
time="2026-08-18T16:10:01-04:00" level=warning msg="C:\\Users\\sanja\\stock-market-ai\\docker-compose.yml: the attribute `version` is obsolete, it will be ignored, please remove it to avoid potential confusion"
 Container stock-market-ai-frontend-1 Stopping 
 Container stock-market-ai-finetune-sidecar-1 Stopping 
 Container stock-market-ai-finetune-sidecar-1 Stopped 
 Container stock-market-ai-finetune-sidecar-1 Removing 
 Container stock-market-ai-finetune-sidecar-1 Removed 
 Container stock-market-ai-frontend-1 Stopped 
 Container stock-market-ai-frontend-1 Removing 
 Container stock-market-ai-frontend-1 Removed 
 Container stock-market-ai-backend-1 Stopping 
 Container stock-market-ai-backend-1 Stopped 
 Container stock-market-ai-backend-1 Removing 
 Container stock-market-ai-backend-1 Removed 
 Network stock-market-ai_default Removing 
 Network stock-market-ai_default Removed 
[18-08-2026 16:10:15.26] All containers stopped 
[18-08-2026 16:10:15.26] === SESSION COMPLETE === 
 
[19-08-2026  9:25:00.66] === AUTO START === 
[19-08-2026  9:25:00.72] Docker Desktop not running - launching 
[19-08-2026  9:25:13.39] Docker daemon ready after 1 attempts 
[19-08-2026  9:25:13.39] Starting containers... 
time="2026-08-19T09:25:14-04:00" level=warning msg="C:\\Users\\sanja\\stock-market-ai\\docker-compose.yml: the attribute `version` is obsolete, it will be ignored, please remove it to avoid potential confusion"
 Container stock-market-ai-finetune-sidecar-1 Starting 
 Container stock-market-ai-backend-1 Starting 
 Container stock-market-ai-backend-1 Started 
 Container stock-market-ai-frontend-1 Starting 
 Container stock-market-ai-frontend-1 Started 
 Container stock-market-ai-finetune-sidecar-1 Started 
[19-08-2026  9:25:17.18] Backend healthy - paper trading active 
{"config_frozen_until":"2026-07-28","engine":"rust","status":"ok","symbols":["AMD","TMO","GE","BAC","COP","FCX","AMZN","KO","EQIX","DIS"],"version":"claude_1"} 
[19-08-2026  9:25:17.20] Auto start complete 
[19-08-2026 16:10:00.67] === AUTO STOP === 
[19-08-2026 16:10:00.67] Fetching final EOD report... 
[19-08-2026 16:10:00.71] EOD report saved to reports/ 
[19-08-2026 16:10:00.71] Final daily status: 
{"data_collected":{"AMD":{"predictions":23992,"ticks":23992,"trades":4},"AMZN":{"predictions":23996,"ticks":23996,"trades":2},"BAC":{"predictions":23993,"ticks":23993,"trades":4},"COP":{"predictions":23983,"ticks":23983,"trades":4},"DIS":{"predictions":23932,"ticks":23932,"trades":0},"EQIX":{"predictions":23645,"ticks":23645,"trades":8},"FCX":{"predictions":23994,"ticks":23994,"trades":4},"GE":{"predictions":23986,"ticks":23986,"trades":6},"KO":{"predictions":23935,"ticks":23935,"trades":4},"TMO":{"predictions":23967,"ticks":23967,"trades":4}},"date":"2026-08-19","finetune_triggered":true,"portfolio":{"current_value":3000.0,"pnl":0.0,"profitable":false,"start_value":3000.0},"running":true,"snapshots_count":24277} 
[19-08-2026 16:10:00.73] Stopping containers... 
time="2026-08-19T16:10:00-04:00" level=warning msg="C:\\Users\\sanja\\stock-market-ai\\docker-compose.yml: the attribute `version` is obsolete, it will be ignored, please remove it to avoid potential confusion"
 Container stock-market-ai-frontend-1 Stopping 
 Container stock-market-ai-finetune-sidecar-1 Stopping 
 Container stock-market-ai-finetune-sidecar-1 Stopped 
 Container stock-market-ai-finetune-sidecar-1 Removing 
 Container stock-market-ai-finetune-sidecar-1 Removed 
 Container stock-market-ai-frontend-1 Stopped 
 Container stock-market-ai-frontend-1 Removing 
 Container stock-market-ai-frontend-1 Removed 
 Container stock-market-ai-backend-1 Stopping 
 Container stock-market-ai-backend-1 Stopped 
 Container stock-market-ai-backend-1 Removing 
 Container stock-market-ai-backend-1 Removed 
 Network stock-market-ai_default Removing 
 Network stock-market-ai_default Removed 
[19-08-2026 16:10:12.75] All containers stopped 
[19-08-2026 16:10:12.75] === SESSION COMPLETE === 
 
