[01-09-2026  9:40:09.92] === AUTO START === 
[01-09-2026  9:40:10.24] Docker daemon ready after 0 attempts 
[01-09-2026  9:40:10.24] Starting containers... 
time="2026-09-01T09:40:10-04:00" level=warning msg="C:\\Users\\sanja\\stock-market-ai\\docker-compose.yml: the attribute `version` is obsolete, it will be ignored, please remove it to avoid potential confusion"
 Container stock-market-ai-backend-1 Running 
 Container stock-market-ai-finetune-sidecar-1 Running 
 Container stock-market-ai-frontend-1 Running 
[01-09-2026  9:40:10.47] Backend healthy - paper trading active 
{"config_frozen_until":"2026-07-28","engine":"rust","status":"ok","symbols":["AMD","MRK","BAC","FCX","SLB","UNP","KO","AMZN","DIS","EQIX"],"version":"claude_1"} 
[01-09-2026  9:40:10.48] Auto start complete 
[01-09-2026 16:10:01.33] === AUTO STOP === 
[01-09-2026 16:10:01.34] Fetching final EOD report... 
[01-09-2026 16:10:01.42] EOD report saved to reports/ 
[01-09-2026 16:10:01.42] Final daily status: 
{"data_collected":{"AMD":{"predictions":23516,"ticks":23516,"trades":28},"AMZN":{"predictions":23518,"ticks":23518,"trades":22},"BAC":{"predictions":23507,"ticks":23507,"trades":18},"DIS":{"predictions":23463,"ticks":23463,"trades":22},"EQIX":{"predictions":23485,"ticks":23485,"trades":26},"FCX":{"predictions":23500,"ticks":23500,"trades":28},"KO":{"predictions":23511,"ticks":23511,"trades":28},"MRK":{"predictions":23504,"ticks":23504,"trades":12},"SLB":{"predictions":23506,"ticks":23506,"trades":30},"UNP":{"predictions":23466,"ticks":23466,"trades":28}},"date":"2026-09-01","finetune_triggered":true,"portfolio":{"current_value":3000.0,"pnl":0.0,"profitable":false,"start_value":3000.0},"running":true,"snapshots_count":23521} 
[01-09-2026 16:10:01.47] Stopping containers... 
time="2026-09-01T16:10:01-04:00" level=warning msg="C:\\Users\\sanja\\stock-market-ai\\docker-compose.yml: the attribute `version` is obsolete, it will be ignored, please remove it to avoid potential confusion"
 Container stock-market-ai-frontend-1 Stopping 
 Container stock-market-ai-finetune-sidecar-1 Stopping 
 Container stock-market-ai-finetune-sidecar-1 Stopped 
 Container stock-market-ai-finetune-sidecar-1 Removing 
 Container stock-market-ai-finetune-sidecar-1 Removed 
 Container stock-market-ai-frontend-1 Stopped 
 Container stock-market-ai-frontend-1 Removing 
 Container stock-market-ai-frontend-1 Removed 
 Container stock-market-ai-backend-1 Stopping 
 Container stock-market-ai-backend-1 Stopped 
 Container stock-market-ai-backend-1 Removing 
 Container stock-market-ai-backend-1 Removed 
 Network stock-market-ai_default Removing 
 Network stock-market-ai_default Removed 
[01-09-2026 16:10:14.09] All containers stopped 
[01-09-2026 16:10:14.09] === SESSION COMPLETE === 
 
[02-09-2026  9:34:04.94] === AUTO START === 
[02-09-2026  9:34:05.21] Docker daemon ready after 0 attempts 
[02-09-2026  9:34:05.21] Starting containers... 
time="2026-09-02T09:34:05-04:00" level=warning msg="C:\\Users\\sanja\\stock-market-ai\\docker-compose.yml: the attribute `version` is obsolete, it will be ignored, please remove it to avoid potential confusion"
 Container stock-market-ai-backend-1 Running 
 Container stock-market-ai-finetune-sidecar-1 Running 
 Container stock-market-ai-frontend-1 Running 
[02-09-2026  9:34:05.43] Backend healthy - paper trading active 
{"config_frozen_until":"2026-07-28","engine":"rust","status":"ok","symbols":["AMD","MRK","SLB","BAC","FCX","KO","UNP","DIS","AMZN","EQIX"],"version":"claude_1"} 
[02-09-2026  9:34:05.44] Auto start complete 
[02-09-2026 16:10:00.46] === AUTO STOP === 
[02-09-2026 16:10:00.46] Fetching final EOD report... 
[02-09-2026 16:10:00.52] EOD report saved to reports/ 
[02-09-2026 16:10:00.52] Final daily status: 
{"data_collected":{"AMZN":{"predictions":20309,"ticks":20309,"trades":18},"BAC":{"predictions":20327,"ticks":20327,"trades":16},"COP":{"predictions":20321,"ticks":20321,"trades":10},"CRM":{"predictions":20289,"ticks":20289,"trades":18},"DIS":{"predictions":20320,"ticks":20320,"trades":20},"EQIX":{"predictions":20191,"ticks":20191,"trades":21},"FCX":{"predictions":20299,"ticks":20299,"trades":4},"KO":{"predictions":20302,"ticks":20302,"trades":12},"MRK":{"predictions":20320,"ticks":20320,"trades":6},"UNP":{"predictions":20174,"ticks":20174,"trades":20}},"date":"2026-09-02","finetune_triggered":true,"portfolio":{"current_value":3000.0,"pnl":0.0,"profitable":false,"start_value":3010.75},"running":true,"snapshots_count":20330} 
[02-09-2026 16:10:00.57] Stopping containers... 
time="2026-09-02T16:10:00-04:00" level=warning msg="C:\\Users\\sanja\\stock-market-ai\\docker-compose.yml: the attribute `version` is obsolete, it will be ignored, please remove it to avoid potential confusion"
 Container stock-market-ai-finetune-sidecar-1 Stopping 
 Container stock-market-ai-frontend-1 Stopping 
 Container stock-market-ai-finetune-sidecar-1 Stopped 
 Container stock-market-ai-finetune-sidecar-1 Removing 
 Container stock-market-ai-finetune-sidecar-1 Removed 
 Container stock-market-ai-frontend-1 Stopped 
 Container stock-market-ai-frontend-1 Removing 
 Container stock-market-ai-frontend-1 Removed 
 Container stock-market-ai-backend-1 Stopping 
 Container stock-market-ai-backend-1 Stopped 
 Container stock-market-ai-backend-1 Removing 
 Container stock-market-ai-backend-1 Removed 
 Network stock-market-ai_default Removing 
 Network stock-market-ai_default Removed 
[02-09-2026 16:10:13.22] All containers stopped 
[02-09-2026 16:10:13.22] === SESSION COMPLETE === 
 
[03-09-2026  9:46:32.74] === AUTO START === 
[03-09-2026  9:46:32.83] Docker Desktop not running - launching 
[03-09-2026  9:46:47.02] Docker daemon ready after 1 attempts 
[03-09-2026  9:46:47.03] Starting containers... 
time="2026-09-03T09:46:47-04:00" level=warning msg="C:\\Users\\sanja\\stock-market-ai\\docker-compose.yml: the attribute `version` is obsolete, it will be ignored, please remove it to avoid potential confusion"
 Network stock-market-ai_default Creating 
 Network stock-market-ai_default Created 
 Container stock-market-ai-backend-1 Creating 
 Container stock-market-ai-finetune-sidecar-1 Creating 
 Container stock-market-ai-backend-1 Created 
 Container stock-market-ai-frontend-1 Creating 
 Container stock-market-ai-finetune-sidecar-1 Created 
 Container stock-market-ai-frontend-1 Created 
 Container stock-market-ai-finetune-sidecar-1 Starting 
 Container stock-market-ai-backend-1 Starting 
 Container stock-market-ai-backend-1 Started 
 Container stock-market-ai-frontend-1 Starting 
 Container stock-market-ai-frontend-1 Started 
 Container stock-market-ai-finetune-sidecar-1 Started 
[03-09-2026  9:46:53.98] Backend healthy - paper trading active 
{"config_frozen_until":"2026-07-28","engine":"rust","status":"ok","symbols":["CRM","MRK","COP","BAC","FCX","KO","DIS","UNP","AMZN"],"version":"claude_1"} 
[03-09-2026  9:46:54.00] Auto start complete 
[03-09-2026 16:10:00.89] === AUTO STOP === 
[03-09-2026 16:10:00.89] Fetching final EOD report... 
[03-09-2026 16:10:00.93] EOD report saved to reports/ 
[03-09-2026 16:10:00.93] Final daily status: 
{"data_collected":{"AMZN":{"predictions":22978,"ticks":22978,"trades":0},"BAC":{"predictions":22967,"ticks":22967,"trades":0},"COP":{"predictions":22954,"ticks":22954,"trades":2},"CRM":{"predictions":22962,"ticks":22962,"trades":6},"DIS":{"predictions":22853,"ticks":22853,"trades":4},"FCX":{"predictions":22947,"ticks":22947,"trades":8},"KO":{"predictions":22945,"ticks":22945,"trades":2},"MRK":{"predictions":22904,"ticks":22904,"trades":4},"UNP":{"predictions":22815,"ticks":22815,"trades":4}},"date":"2026-09-03","finetune_triggered":true,"portfolio":{"current_value":3000.0,"pnl":0.0,"profitable":false,"start_value":3000.0},"running":true,"snapshots_count":22979} 
[03-09-2026 16:10:00.96] Stopping containers... 
time="2026-09-03T16:10:01-04:00" level=warning msg="C:\\Users\\sanja\\stock-market-ai\\docker-compose.yml: the attribute `version` is obsolete, it will be ignored, please remove it to avoid potential confusion"
 Container stock-market-ai-frontend-1 Stopping 
 Container stock-market-ai-finetune-sidecar-1 Stopping 
 Container stock-market-ai-finetune-sidecar-1 Stopped 
 Container stock-market-ai-finetune-sidecar-1 Removing 
 Container stock-market-ai-finetune-sidecar-1 Removed 
 Container stock-market-ai-frontend-1 Stopped 
 Container stock-market-ai-frontend-1 Removing 
 Container stock-market-ai-frontend-1 Removed 
 Container stock-market-ai-backend-1 Stopping 
 Container stock-market-ai-backend-1 Stopped 
 Container stock-market-ai-backend-1 Removing 
 Container stock-market-ai-backend-1 Removed 
 Network stock-market-ai_default Removing 
 Network stock-market-ai_default Removed 
[03-09-2026 16:10:13.17] All containers stopped 
[03-09-2026 16:10:13.17] === SESSION COMPLETE === 
 
[04-09-2026  9:48:17.98] === AUTO START === 
[04-09-2026  9:48:18.39] Docker daemon ready after 0 attempts 
[04-09-2026  9:48:18.39] Starting containers... 
time="2026-09-04T09:48:18-04:00" level=warning msg="C:\\Users\\sanja\\stock-market-ai\\docker-compose.yml: the attribute `version` is obsolete, it will be ignored, please remove it to avoid potential confusion"
 Container stock-market-ai-finetune-sidecar-1 Running 
 Container stock-market-ai-frontend-1 Running 
 Container stock-market-ai-backend-1 Running 
[04-09-2026  9:48:18.64] Backend healthy - paper trading active 
{"config_frozen_until":"2026-07-28","engine":"rust","status":"ok","symbols":["AMD","MRK","COP","BAC","KO","FCX","UNP","DIS","AMZN","EQIX"],"version":"claude_1"} 
[04-09-2026  9:48:18.66] Auto start complete 
[04-09-2026 16:10:00.61] === AUTO STOP === 
[04-09-2026 16:10:00.61] Fetching final EOD report... 
[04-09-2026 16:10:00.65] EOD report saved to reports/ 
[04-09-2026 16:10:00.65] Final daily status: 
{"data_collected":{"AMD":{"predictions":1542,"ticks":1542,"trades":0},"AMZN":{"predictions":1581,"ticks":1581,"trades":1},"BAC":{"predictions":1573,"ticks":1573,"trades":0},"COP":{"predictions":1585,"ticks":1585,"trades":0},"DIS":{"predictions":1535,"ticks":1535,"trades":1},"EQIX":{"predictions":1471,"ticks":1471,"trades":0},"FCX":{"predictions":1559,"ticks":1559,"trades":2},"KO":{"predictions":1580,"ticks":1580,"trades":1},"MRK":{"predictions":1565,"ticks":1565,"trades":1},"UNP":{"predictions":1559,"ticks":1559,"trades":1}},"date":"2026-09-04","finetune_triggered":true,"portfolio":{"current_value":3000.0,"pnl":0.0,"profitable":false,"start_value":2993.64},"running":true,"snapshots_count":1589} 
[04-09-2026 16:10:00.68] Stopping containers... 
time="2026-09-04T16:10:00-04:00" level=warning msg="C:\\Users\\sanja\\stock-market-ai\\docker-compose.yml: the attribute `version` is obsolete, it will be ignored, please remove it to avoid potential confusion"
 Container stock-market-ai-frontend-1 Stopping 
 Container stock-market-ai-finetune-sidecar-1 Stopping 
 Container stock-market-ai-finetune-sidecar-1 Stopped 
 Container stock-market-ai-finetune-sidecar-1 Removing 
 Container stock-market-ai-finetune-sidecar-1 Removed 
 Container stock-market-ai-frontend-1 Stopped 
 Container stock-market-ai-frontend-1 Removing 
 Container stock-market-ai-frontend-1 Removed 
 Container stock-market-ai-backend-1 Stopping 
 Container stock-market-ai-backend-1 Error Error while Stopping

^C[07-09-2026  9:25:00.93] === AUTO START === 
[07-09-2026  9:25:01.01] Docker Desktop not running - launching 
[07-09-2026  9:25:14.02] Docker daemon ready after 1 attempts 
[07-09-2026  9:25:14.03] Starting containers... 
time="2026-09-07T09:25:14-04:00" level=warning msg="C:\\Users\\sanja\\stock-market-ai\\docker-compose.yml: the attribute `version` is obsolete, it will be ignored, please remove it to avoid potential confusion"
 Container stock-market-ai-frontend-1 Creating 
 Container stock-market-ai-finetune-sidecar-1 Creating 
 Container stock-market-ai-frontend-1 Created 
 Container stock-market-ai-finetune-sidecar-1 Created 
 Container stock-market-ai-backend-1 Starting 
 Container stock-market-ai-finetune-sidecar-1 Starting 
 Container stock-market-ai-backend-1 Started 
 Container stock-market-ai-frontend-1 Starting 
 Container stock-market-ai-frontend-1 Started 
 Container stock-market-ai-finetune-sidecar-1 Started 
[07-09-2026  9:25:17.05] Backend healthy - paper trading active 
{"config_frozen_until":"2026-07-28","engine":"rust","status":"ok","symbols":["AMD","MRK","COP","BAC","FCX","KO","AMZN","UNP","DIS","EQIX"],"version":"claude_1"} 
[07-09-2026  9:25:17.08] Auto start complete 
[07-09-2026 16:20:33.80] === AUTO STOP === 
[07-09-2026 16:20:33.84] Fetching final EOD report... 
[07-09-2026 16:20:34.59] EOD report saved to reports/ 
[07-09-2026 16:20:34.60] Final daily status: 
{"data_collected":{"AMD":{"predictions":0,"ticks":0,"trades":0},"AMZN":{"predictions":0,"ticks":0,"trades":0},"BAC":{"predictions":0,"ticks":0,"trades":0},"COP":{"predictions":0,"ticks":0,"trades":0},"DIS":{"predictions":0,"ticks":0,"trades":0},"EQIX":{"predictions":0,"ticks":0,"trades":0},"FCX":{"predictions":0,"ticks":0,"trades":0},"KO":{"predictions":0,"ticks":0,"trades":0},"MRK":{"predictions":0,"ticks":0,"trades":0},"UNP":{"predictions":0,"ticks":0,"trades":0}},"date":"2026-09-07","finetune_triggered":false,"portfolio":{"current_value":3000.0,"pnl":0.0,"profitable":false,"start_value":3000.0},"running":true,"snapshots_count":20047} 
[07-09-2026 16:20:34.71] Stopping containers... 
time="2026-09-07T16:20:34-04:00" level=warning msg="C:\\Users\\sanja\\stock-market-ai\\docker-compose.yml: the attribute `version` is obsolete, it will be ignored, please remove it to avoid potential confusion"
 Container stock-market-ai-frontend-1 Stopping 
 Container stock-market-ai-finetune-sidecar-1 Stopping 
 Container stock-market-ai-frontend-1 Stopped 
 Container stock-market-ai-frontend-1 Removing 
 Container stock-market-ai-frontend-1 Removed 
 Container stock-market-ai-backend-1 Stopping 
 Container stock-market-ai-finetune-sidecar-1 Stopped 
 Container stock-market-ai-finetune-sidecar-1 Removing 
 Container stock-market-ai-finetune-sidecar-1 Removed 
 Container stock-market-ai-backend-1 Stopped 
 Container stock-market-ai-backend-1 Removing 
 Container stock-market-ai-backend-1 Removed 
 Network stock-market-ai_default Removing 
 Network stock-market-ai_default Removed 
[07-09-2026 16:20:47.70] All containers stopped 
[07-09-2026 16:20:47.70] === SESSION COMPLETE === 
 
[08-09-2026  9:25:01.22] === AUTO START === 
[08-09-2026  9:25:01.48] Docker daemon ready after 0 attempts 
[08-09-2026  9:25:01.49] Starting containers... 
time="2026-09-08T09:25:01-04:00" level=warning msg="C:\\Users\\sanja\\stock-market-ai\\docker-compose.yml: the attribute `version` is obsolete, it will be ignored, please remove it to avoid potential confusion"
 Container stock-market-ai-backend-1 Running 
 Container stock-market-ai-finetune-sidecar-1 Running 
 Container stock-market-ai-frontend-1 Running 
[08-09-2026  9:25:01.69] Backend healthy - paper trading active 
{"config_frozen_until":"2026-07-28","engine":"rust","status":"ok","symbols":["AMD","MRK","BAC","COP","FCX","KO","AMZN","UNP","DIS","EQIX"],"version":"claude_1"} 
[08-09-2026  9:25:01.70] Auto start complete 
[08-09-2026 16:10:01.17] === AUTO STOP === 
[08-09-2026 16:10:01.17] Fetching final EOD report... 
[08-09-2026 16:10:01.28] EOD report saved to reports/ 
[08-09-2026 16:10:01.28] Final daily status: 
{"data_collected":{"AMD":{"predictions":5347,"ticks":5347,"trades":0},"AMZN":{"predictions":5338,"ticks":5338,"trades":1},"BAC":{"predictions":5368,"ticks":5368,"trades":1},"COP":{"predictions":5353,"ticks":5353,"trades":0},"DIS":{"predictions":5306,"ticks":5306,"trades":1},"EQIX":{"predictions":5236,"ticks":5236,"trades":1},"FCX":{"predictions":5337,"ticks":5337,"trades":0},"KO":{"predictions":5366,"ticks":5366,"trades":0},"MRK":{"predictions":5261,"ticks":5261,"trades":0},"UNP":{"predictions":5165,"ticks":5165,"trades":1}},"date":"2026-09-08","finetune_triggered":true,"portfolio":{"current_value":3000.0,"pnl":0.0,"profitable":false,"start_value":3015.48},"running":true,"snapshots_count":5389} 
[08-09-2026 16:10:01.31] Stopping containers... 
time="2026-09-08T16:10:01-04:00" level=warning msg="C:\\Users\\sanja\\stock-market-ai\\docker-compose.yml: the attribute `version` is obsolete, it will be ignored, please remove it to avoid potential confusion"
 Container stock-market-ai-finetune-sidecar-1 Stopping 
 Container stock-market-ai-frontend-1 Stopping 
 Container stock-market-ai-finetune-sidecar-1 Stopped 
 Container stock-market-ai-finetune-sidecar-1 Removing 
 Container stock-market-ai-finetune-sidecar-1 Removed 
 Container stock-market-ai-frontend-1 Stopped 
 Container stock-market-ai-frontend-1 Removing 
 Container stock-market-ai-frontend-1 Removed 
 Container stock-market-ai-backend-1 Stopping 
 Container stock-market-ai-backend-1 Error Error while Stopping

^C[09-09-2026  9:37:53.92] === AUTO START === 
[09-09-2026  9:37:54.42] Docker daemon ready after 0 attempts 
[09-09-2026  9:37:54.42] Starting containers... 
time="2026-09-09T09:37:54-04:00" level=warning msg="C:\\Users\\sanja\\stock-market-ai\\docker-compose.yml: the attribute `version` is obsolete, it will be ignored, please remove it to avoid potential confusion"
 Container stock-market-ai-backend-1 Recreate 
 Container stock-market-ai-finetune-sidecar-1 Recreate 
 Container stock-market-ai-finetune-sidecar-1 Recreated 
 Container stock-market-ai-backend-1 Recreated 
 Container stock-market-ai-frontend-1 Recreate 
 Container stock-market-ai-frontend-1 Recreated 
 Container stock-market-ai-backend-1 Starting 
 Container stock-market-ai-finetune-sidecar-1 Starting 
 Container stock-market-ai-backend-1 Started 
 Container stock-market-ai-frontend-1 Starting 
 Container stock-market-ai-finetune-sidecar-1 Started 
 Container stock-market-ai-frontend-1 Started 
[09-09-2026  9:38:07.34] Backend healthy - paper trading active 
{"config_frozen_until":"2026-07-28","engine":"rust","status":"ok","symbols":["AMD","MRK","FCX","BAC","COP","KO","UNP","AMZN","EQIX","DIS"],"version":"claude_1"} 
[09-09-2026  9:38:07.36] Auto start complete 
[09-09-2026 16:10:01.13] === AUTO STOP === 
[09-09-2026 16:10:01.13] Fetching final EOD report... 
[09-09-2026 16:10:01.18] EOD report saved to reports/ 
[09-09-2026 16:10:01.18] Final daily status: 
{"data_collected":{"AMD":{"predictions":7542,"ticks":7542,"trades":0},"AMZN":{"predictions":7538,"ticks":7538,"trades":0},"BAC":{"predictions":7526,"ticks":7526,"trades":0},"COP":{"predictions":7538,"ticks":7538,"trades":0},"EQIX":{"predictions":7279,"ticks":7279,"trades":0},"FCX":{"predictions":7478,"ticks":7478,"trades":0},"KO":{"predictions":7472,"ticks":7472,"trades":0},"META":{"predictions":7544,"ticks":7544,"trades":0},"MRK":{"predictions":7372,"ticks":7372,"trades":0},"UNP":{"predictions":7452,"ticks":7452,"trades":0}},"date":"2026-09-09","finetune_triggered":true,"portfolio":{"current_value":3000.0,"pnl":0.0,"profitable":false,"start_value":3014.72},"running":true,"snapshots_count":7561} 
[09-09-2026 16:10:01.21] Stopping containers... 
time="2026-09-09T16:10:01-04:00" level=warning msg="C:\\Users\\sanja\\stock-market-ai\\docker-compose.yml: the attribute `version` is obsolete, it will be ignored, please remove it to avoid potential confusion"
 Container stock-market-ai-finetune-sidecar-1 Stopping 
 Container stock-market-ai-frontend-1 Stopping 
 Container stock-market-ai-finetune-sidecar-1 Stopped 
 Container stock-market-ai-finetune-sidecar-1 Removing 
 Container stock-market-ai-finetune-sidecar-1 Removed 
 Container stock-market-ai-frontend-1 Stopped 
 Container stock-market-ai-frontend-1 Removing 
 Container stock-market-ai-frontend-1 Removed 
 Container stock-market-ai-backend-1 Stopping 
 Container stock-market-ai-backend-1 Error Error while Stopping

^C[10-09-2026 16:10:00.66] === AUTO STOP === 
[10-09-2026 16:10:00.66] Fetching final EOD report... 
[10-09-2026 16:10:00.74] EOD report saved to reports/ 
[10-09-2026 16:10:00.74] Final daily status: 
{"data_collected":{"AMD":{"predictions":20628,"ticks":20628,"trades":0},"AMZN":{"predictions":20640,"ticks":20640,"trades":0},"BAC":{"predictions":20638,"ticks":20638,"trades":0},"COP":{"predictions":20621,"ticks":20621,"trades":0},"EQIX":{"predictions":20384,"ticks":20384,"trades":0},"FCX":{"predictions":20619,"ticks":20619,"trades":0},"KO":{"predictions":20634,"ticks":20634,"trades":0},"META":{"predictions":20637,"ticks":20637,"trades":0},"MRK":{"predictions":20592,"ticks":20592,"trades":0},"UNP":{"predictions":20561,"ticks":20561,"trades":0}},"date":"2026-09-10","finetune_triggered":true,"portfolio":{"current_value":3000.0,"pnl":0.0,"profitable":false,"start_value":2990.23},"running":true,"snapshots_count":20650} 
[10-09-2026 16:10:00.78] Stopping containers... 
time="2026-09-10T16:10:00-04:00" level=warning msg="C:\\Users\\sanja\\stock-market-ai\\docker-compose.yml: the attribute `version` is obsolete, it will be ignored, please remove it to avoid potential confusion"
 Container stock-market-ai-frontend-1 Stopping 
 Container stock-market-ai-finetune-sidecar-1 Stopping 
 Container stock-market-ai-frontend-1 Stopped 
 Container stock-market-ai-frontend-1 Removing 
 Container stock-market-ai-finetune-sidecar-1 Stopped 
 Container stock-market-ai-finetune-sidecar-1 Removing 
 Container stock-market-ai-frontend-1 Removed 
 Container stock-market-ai-backend-1 Stopping 
 Container stock-market-ai-finetune-sidecar-1 Removed 
 Container stock-market-ai-backend-1 Stopped 
 Container stock-market-ai-backend-1 Removing 
 Container stock-market-ai-backend-1 Removed 
 Network stock-market-ai_default Removing 
 Network stock-market-ai_default Removed 
[10-09-2026 16:10:13.96] All containers stopped 
[10-09-2026 16:10:13.97] === SESSION COMPLETE === 
 
