[15-09-2026  2:01:45.76] === AUTO START === 
[15-09-2026  2:01:46.35] Outside 09:00-15:30 (minute 121) - not starting 
[15-09-2026 11:00:08.34] === AUTO START === 
[15-09-2026 11:00:08.71] Docker Desktop not running - launching 
[15-09-2026 11:00:24.49] Docker daemon ready after 1 attempts 
[15-09-2026 11:00:24.49] Starting containers... 
time="2026-09-15T11:00:24-04:00" level=warning msg="C:\\Users\\sanja\\stock-market-ai\\docker-compose.yml: the attribute `version` is obsolete, it will be ignored, please remove it to avoid potential confusion"
 Network stock-market-ai_default Creating 
 Network stock-market-ai_default Created 
 Container stock-market-ai-backend-1 Creating 
 Container stock-market-ai-finetune-sidecar-1 Creating 
 Container stock-market-ai-backend-1 Created 
 Container stock-market-ai-frontend-1 Creating 
 Container stock-market-ai-finetune-sidecar-1 Created 
 Container stock-market-ai-frontend-1 Created 
 Container stock-market-ai-backend-1 Starting 
 Container stock-market-ai-finetune-sidecar-1 Starting 
 Container stock-market-ai-backend-1 Started 
 Container stock-market-ai-frontend-1 Starting 
 Container stock-market-ai-frontend-1 Started 
 Container stock-market-ai-finetune-sidecar-1 Started 
[15-09-2026 11:00:28.93] Backend healthy - paper trading active 
{"config_frozen_until":"2026-07-28","engine":"rust","status":"ok","symbols":["AMD","TMO","COP","V","META","KO","AMZN","FCX","UNP","BAC"],"version":"claude_1"} 
[15-09-2026 11:00:28.95] Auto start complete 
[15-09-2026 11:04:33.26] === AUTO START === 
[15-09-2026 11:04:34.03] Docker daemon ready after 0 attempts 
[15-09-2026 11:04:34.03] Starting containers... 
time="2026-09-15T11:04:34-04:00" level=warning msg="C:\\Users\\sanja\\stock-market-ai\\docker-compose.yml: the attribute `version` is obsolete, it will be ignored, please remove it to avoid potential confusion"
 Container stock-market-ai-frontend-1 Running 
 Container stock-market-ai-backend-1 Running 
 Container stock-market-ai-finetune-sidecar-1 Running 
[15-09-2026 11:04:34.26] Backend healthy - paper trading active 
{"config_frozen_until":"2026-07-28","engine":"rust","status":"ok","symbols":["AMD","TMO","COP","V","META","KO","AMZN","FCX","UNP","BAC"],"version":"claude_1"} 
[15-09-2026 11:04:34.27] Auto start complete 
[15-09-2026 11:19:33.57] === AUTO START === 
[15-09-2026 11:19:34.15] Docker daemon ready after 0 attempts 
[15-09-2026 11:19:34.15] Starting containers... 
time="2026-09-15T11:19:34-04:00" level=warning msg="C:\\Users\\sanja\\stock-market-ai\\docker-compose.yml: the attribute `version` is obsolete, it will be ignored, please remove it to avoid potential confusion"
 Container stock-market-ai-frontend-1 Running 
 Container stock-market-ai-backend-1 Running 
 Container stock-market-ai-finetune-sidecar-1 Running 
[15-09-2026 11:19:34.35] Backend healthy - paper trading active 
{"config_frozen_until":"2026-07-28","engine":"rust","status":"ok","symbols":["AMD","TMO","COP","V","META","KO","AMZN","FCX","UNP","BAC"],"version":"claude_1"} 
[15-09-2026 11:19:34.36] Auto start complete 
[15-09-2026 11:34:33.56] === AUTO START === 
[15-09-2026 11:34:34.13] Docker daemon ready after 0 attempts 
[15-09-2026 11:34:34.13] Starting containers... 
time="2026-09-15T11:34:34-04:00" level=warning msg="C:\\Users\\sanja\\stock-market-ai\\docker-compose.yml: the attribute `version` is obsolete, it will be ignored, please remove it to avoid potential confusion"
 Container stock-market-ai-frontend-1 Running 
 Container stock-market-ai-backend-1 Running 
 Container stock-market-ai-finetune-sidecar-1 Running 
[15-09-2026 11:34:34.32] Backend healthy - paper trading active 
{"config_frozen_until":"2026-07-28","engine":"rust","status":"ok","symbols":["AMD","TMO","COP","V","META","KO","AMZN","FCX","UNP","BAC"],"version":"claude_1"} 
[15-09-2026 11:34:34.34] Auto start complete 
[15-09-2026 11:49:33.49] === AUTO START === 
[15-09-2026 11:49:34.06] Docker daemon ready after 0 attempts 
[15-09-2026 11:49:34.06] Starting containers... 
time="2026-09-15T11:49:34-04:00" level=warning msg="C:\\Users\\sanja\\stock-market-ai\\docker-compose.yml: the attribute `version` is obsolete, it will be ignored, please remove it to avoid potential confusion"
 Container stock-market-ai-frontend-1 Running 
 Container stock-market-ai-backend-1 Running 
 Container stock-market-ai-finetune-sidecar-1 Running 
[15-09-2026 11:49:34.26] Backend healthy - paper trading active 
{"config_frozen_until":"2026-07-28","engine":"rust","status":"ok","symbols":["AMD","TMO","COP","V","META","KO","AMZN","FCX","UNP","BAC"],"version":"claude_1"} 
[15-09-2026 11:49:34.27] Auto start complete 
[15-09-2026 12:04:33.58] === AUTO START === 
[15-09-2026 12:04:34.18] Docker daemon ready after 0 attempts 
[15-09-2026 12:04:34.18] Starting containers... 
time="2026-09-15T12:04:34-04:00" level=warning msg="C:\\Users\\sanja\\stock-market-ai\\docker-compose.yml: the attribute `version` is obsolete, it will be ignored, please remove it to avoid potential confusion"
 Container stock-market-ai-finetune-sidecar-1 Running 
 Container stock-market-ai-frontend-1 Running 
 Container stock-market-ai-backend-1 Running 
[15-09-2026 12:04:34.38] Backend healthy - paper trading active 
{"config_frozen_until":"2026-07-28","engine":"rust","status":"ok","symbols":["AMD","TMO","COP","V","META","KO","AMZN","FCX","UNP","BAC"],"version":"claude_1"} 
[15-09-2026 12:04:34.41] Auto start complete 
[15-09-2026 12:19:33.48] === AUTO START === 
[15-09-2026 12:19:34.08] Docker daemon ready after 0 attempts 
[15-09-2026 12:19:34.08] Starting containers... 
time="2026-09-15T12:19:34-04:00" level=warning msg="C:\\Users\\sanja\\stock-market-ai\\docker-compose.yml: the attribute `version` is obsolete, it will be ignored, please remove it to avoid potential confusion"
 Container stock-market-ai-frontend-1 Running 
 Container stock-market-ai-backend-1 Running 
 Container stock-market-ai-finetune-sidecar-1 Running 
[15-09-2026 12:19:34.28] Backend healthy - paper trading active 
{"config_frozen_until":"2026-07-28","engine":"rust","status":"ok","symbols":["AMD","TMO","COP","V","META","KO","AMZN","FCX","UNP","BAC"],"version":"claude_1"} 
[15-09-2026 12:19:34.29] Auto start complete 
[15-09-2026 12:34:33.51] === AUTO START === 
[15-09-2026 12:34:34.12] Docker daemon ready after 0 attempts 
[15-09-2026 12:34:34.12] Starting containers... 
time="2026-09-15T12:34:34-04:00" level=warning msg="C:\\Users\\sanja\\stock-market-ai\\docker-compose.yml: the attribute `version` is obsolete, it will be ignored, please remove it to avoid potential confusion"
 Container stock-market-ai-frontend-1 Running 
 Container stock-market-ai-backend-1 Running 
 Container stock-market-ai-finetune-sidecar-1 Running 
[15-09-2026 12:34:34.33] Backend healthy - paper trading active 
{"config_frozen_until":"2026-07-28","engine":"rust","status":"ok","symbols":["AMD","TMO","COP","V","META","KO","AMZN","FCX","UNP","BAC"],"version":"claude_1"} 
[15-09-2026 12:34:34.34] Auto start complete 
[15-09-2026 12:37:29.41] === AUTO START === 
[15-09-2026 12:37:29.98] Docker daemon ready after 0 attempts 
[15-09-2026 12:37:29.98] Starting containers... 
time="2026-09-15T12:37:30-04:00" level=warning msg="C:\\Users\\sanja\\stock-market-ai\\docker-compose.yml: the attribute `version` is obsolete, it will be ignored, please remove it to avoid potential confusion"
 Container stock-market-ai-finetune-sidecar-1 Running 
 Container stock-market-ai-frontend-1 Running 
 Container stock-market-ai-backend-1 Running 
[15-09-2026 12:37:30.18] Backend healthy - paper trading active 
{"config_frozen_until":"2026-07-28","engine":"rust","status":"ok","symbols":["AMD","TMO","COP","V","META","KO","AMZN","FCX","UNP","BAC"],"version":"claude_1"} 
[15-09-2026 12:37:30.19] Auto start complete 
[15-09-2026 12:40:00.80] === AUTO START === 
[15-09-2026 12:40:01.40] Docker daemon ready after 0 attempts 
[15-09-2026 12:40:01.41] Starting containers... 
time="2026-09-15T12:40:01-04:00" level=warning msg="C:\\Users\\sanja\\stock-market-ai\\docker-compose.yml: the attribute `version` is obsolete, it will be ignored, please remove it to avoid potential confusion"
 Container stock-market-ai-finetune-sidecar-1 Running 
 Container stock-market-ai-frontend-1 Running 
 Container stock-market-ai-backend-1 Running 
[15-09-2026 12:40:01.61] Backend healthy - paper trading active 
{"config_frozen_until":"2026-07-28","engine":"rust","status":"ok","symbols":["AMD","TMO","COP","V","META","KO","AMZN","FCX","UNP","BAC"],"version":"claude_1"} 
[15-09-2026 12:40:01.62] Auto start complete 
[15-09-2026 12:55:00.92] === AUTO START === 
[15-09-2026 12:55:01.66] Docker daemon ready after 0 attempts 
[15-09-2026 12:55:01.66] Starting containers... 
time="2026-09-15T12:55:01-04:00" level=warning msg="C:\\Users\\sanja\\stock-market-ai\\docker-compose.yml: the attribute `version` is obsolete, it will be ignored, please remove it to avoid potential confusion"
 Container stock-market-ai-backend-1 Running 
 Container stock-market-ai-finetune-sidecar-1 Running 
 Container stock-market-ai-frontend-1 Running 
[15-09-2026 12:55:01.91] Backend healthy - paper trading active 
{"config_frozen_until":"2026-07-28","engine":"rust","status":"ok","symbols":["AMD","TMO","COP","V","META","KO","AMZN","FCX","UNP","BAC"],"version":"claude_1"} 
[15-09-2026 12:55:01.92] Auto start complete 
[15-09-2026 13:15:01.59] === AUTO START === 
[15-09-2026 13:15:02.66] Docker daemon ready after 0 attempts 
[15-09-2026 13:15:02.66] Starting containers... 
time="2026-09-15T13:15:02-04:00" level=warning msg="C:\\Users\\sanja\\stock-market-ai\\docker-compose.yml: the attribute `version` is obsolete, it will be ignored, please remove it to avoid potential confusion"
 Container stock-market-ai-backend-1 Running 
 Container stock-market-ai-finetune-sidecar-1 Running 
 Container stock-market-ai-frontend-1 Running 
[15-09-2026 13:15:03.03] Backend healthy - paper trading active 
{"config_frozen_until":"2026-07-28","engine":"rust","status":"ok","symbols":["AMD","TMO","COP","V","META","KO","AMZN","FCX","UNP","BAC"],"version":"claude_1"} 
[15-09-2026 13:15:03.04] Auto start complete 
[15-09-2026 13:31:51.82] === AUTO START === 
[15-09-2026 13:31:52.97] Docker daemon ready after 0 attempts 
[15-09-2026 13:31:52.97] Starting containers... 
time="2026-09-15T13:31:53-04:00" level=warning msg="C:\\Users\\sanja\\stock-market-ai\\docker-compose.yml: the attribute `version` is obsolete, it will be ignored, please remove it to avoid potential confusion"
 Container stock-market-ai-finetune-sidecar-1 Running 
 Container stock-market-ai-frontend-1 Running 
 Container stock-market-ai-backend-1 Running 
[15-09-2026 13:31:53.30] Backend healthy - paper trading active 
{"config_frozen_until":"2026-07-28","engine":"rust","status":"ok","symbols":["AMD","TMO","COP","V","META","KO","AMZN","FCX","UNP","BAC"],"version":"claude_1"} 
[15-09-2026 13:31:53.33] Auto start complete 
[15-09-2026 13:35:30.70] === AUTO STOP === 
[15-09-2026 13:35:30.70] Saving container logs... 
[15-09-2026 13:35:31.69] Container logs saved to logs\backend_20260915.log 
[15-09-2026 13:35:31.69] Fetching final EOD report... 
[15-09-2026 13:35:31.71] EOD report saved to reports/ 
[15-09-2026 13:35:31.71] Final daily status: 
{"data_collected":{"AMD":{"predictions":7294,"ticks":7294,"trades":1},"AMZN":{"predictions":7314,"ticks":7314,"trades":5},"BAC":{"predictions":7296,"ticks":7296,"trades":4},"COP":{"predictions":7286,"ticks":7286,"trades":0},"FCX":{"predictions":7279,"ticks":7279,"trades":4},"KO":{"predictions":7313,"ticks":7313,"trades":3},"META":{"predictions":7308,"ticks":7308,"trades":5},"TMO":{"predictions":7264,"ticks":7264,"trades":1},"UNP":{"predictions":7177,"ticks":7177,"trades":3},"V":{"predictions":7277,"ticks":7277,"trades":4}},"date":"2026-09-15","finetune_triggered":true,"portfolio":{"current_value":3022.98,"pnl":22.9804,"profitable":true,"start_value":2992.32},"running":true,"snapshots_count":7320} 
[15-09-2026 13:35:31.73] Stopping containers... 
[DRY-RUN would run: docker compose down] 
[15-09-2026 13:35:31.73] All containers stopped 
[15-09-2026 13:35:31.73] === SESSION COMPLETE === 
 
[15-09-2026 13:40:00.79] === AUTO START === 
[15-09-2026 13:40:01.38] Docker daemon ready after 0 attempts 
[15-09-2026 13:40:01.38] Starting containers... 
time="2026-09-15T13:40:01-04:00" level=warning msg="C:\\Users\\sanja\\stock-market-ai\\docker-compose.yml: the attribute `version` is obsolete, it will be ignored, please remove it to avoid potential confusion"
 Container stock-market-ai-backend-1 Running 
 Container stock-market-ai-finetune-sidecar-1 Running 
 Container stock-market-ai-frontend-1 Running 
[15-09-2026 13:40:01.58] Backend healthy - paper trading active 
{"config_frozen_until":"2026-07-28","engine":"rust","status":"ok","symbols":["AMD","TMO","COP","V","META","KO","UNP","FCX","AMZN"],"version":"claude_1"} 
[15-09-2026 13:40:01.59] Auto start complete 
[15-09-2026 13:55:01.00] === AUTO START === 
[15-09-2026 13:55:05.53] Docker daemon ready after 0 attempts 
[15-09-2026 13:55:05.53] Starting containers... 
time="2026-09-15T13:55:05-04:00" level=warning msg="C:\\Users\\sanja\\stock-market-ai\\docker-compose.yml: the attribute `version` is obsolete, it will be ignored, please remove it to avoid potential confusion"
 Container stock-market-ai-backend-1 Running 
 Container stock-market-ai-finetune-sidecar-1 Running 
 Container stock-market-ai-frontend-1 Running 
[15-09-2026 13:55:05.84] Backend healthy - paper trading active 
{"config_frozen_until":"2026-07-28","engine":"rust","status":"ok","symbols":["AMD","TMO","COP","V","META","KO","UNP","FCX","AMZN"],"version":"claude_1"} 
[15-09-2026 13:55:05.85] Auto start complete 
[15-09-2026 14:10:00.97] === AUTO START === 
[15-09-2026 14:10:08.51] Docker daemon ready after 0 attempts 
[15-09-2026 14:10:08.51] Starting containers... 
time="2026-09-15T14:10:08-04:00" level=warning msg="C:\\Users\\sanja\\stock-market-ai\\docker-compose.yml: the attribute `version` is obsolete, it will be ignored, please remove it to avoid potential confusion"
 Container stock-market-ai-frontend-1 Running 
 Container stock-market-ai-backend-1 Running 
 Container stock-market-ai-finetune-sidecar-1 Running 
[15-09-2026 14:10:09.18] Backend healthy - paper trading active 
{"config_frozen_until":"2026-07-28","engine":"rust","status":"ok","symbols":["AMD","TMO","COP","V","META","KO","UNP","FCX","AMZN"],"version":"claude_1"} 
[15-09-2026 14:10:09.38] Auto start complete 
[15-09-2026 14:25:01.11] === AUTO START === 
[15-09-2026 14:25:02.32] Docker daemon ready after 0 attempts 
[15-09-2026 14:25:02.32] Starting containers... 
time="2026-09-15T14:25:02-04:00" level=warning msg="C:\\Users\\sanja\\stock-market-ai\\docker-compose.yml: the attribute `version` is obsolete, it will be ignored, please remove it to avoid potential confusion"
 Container stock-market-ai-frontend-1 Running 
 Container stock-market-ai-backend-1 Running 
 Container stock-market-ai-finetune-sidecar-1 Running 
[15-09-2026 14:25:02.82] Backend healthy - paper trading active 
{"config_frozen_until":"2026-07-28","engine":"rust","status":"ok","symbols":["AMD","TMO","COP","V","META","KO","UNP","FCX","AMZN"],"version":"claude_1"} 
[15-09-2026 14:25:02.84] Auto start complete 
[15-09-2026 14:40:00.85] === AUTO START === 
[15-09-2026 14:40:01.56] Docker daemon ready after 0 attempts 
[15-09-2026 14:40:01.56] Starting containers... 
time="2026-09-15T14:40:01-04:00" level=warning msg="C:\\Users\\sanja\\stock-market-ai\\docker-compose.yml: the attribute `version` is obsolete, it will be ignored, please remove it to avoid potential confusion"
 Container stock-market-ai-finetune-sidecar-1 Running 
 Container stock-market-ai-frontend-1 Running 
 Container stock-market-ai-backend-1 Running 
[15-09-2026 14:40:01.83] Backend healthy - paper trading active 
{"config_frozen_until":"2026-07-28","engine":"rust","status":"ok","symbols":["AMD","TMO","COP","V","META","KO","UNP","FCX","AMZN"],"version":"claude_1"} 
[15-09-2026 14:40:01.84] Auto start complete 
[15-09-2026 14:55:00.83] === AUTO START === 
[15-09-2026 14:55:01.57] Docker daemon ready after 0 attempts 
[15-09-2026 14:55:01.57] Starting containers... 
time="2026-09-15T14:55:01-04:00" level=warning msg="C:\\Users\\sanja\\stock-market-ai\\docker-compose.yml: the attribute `version` is obsolete, it will be ignored, please remove it to avoid potential confusion"
 Container stock-market-ai-frontend-1 Running 
 Container stock-market-ai-backend-1 Running 
 Container stock-market-ai-finetune-sidecar-1 Running 
[15-09-2026 14:55:01.82] Backend healthy - paper trading active 
{"config_frozen_until":"2026-07-28","engine":"rust","status":"ok","symbols":["AMD","TMO","COP","V","META","KO","UNP","FCX","AMZN"],"version":"claude_1"} 
[15-09-2026 14:55:01.83] Auto start complete 
[15-09-2026 15:10:00.96] === AUTO START === 
[15-09-2026 15:10:03.01] Docker daemon ready after 0 attempts 
[15-09-2026 15:10:03.01] Starting containers... 
time="2026-09-15T15:10:03-04:00" level=warning msg="C:\\Users\\sanja\\stock-market-ai\\docker-compose.yml: the attribute `version` is obsolete, it will be ignored, please remove it to avoid potential confusion"
 Container stock-market-ai-backend-1 Running 
 Container stock-market-ai-finetune-sidecar-1 Running 
 Container stock-market-ai-frontend-1 Running 
[15-09-2026 15:10:03.47] Backend healthy - paper trading active 
{"config_frozen_until":"2026-07-28","engine":"rust","status":"ok","symbols":["AMD","TMO","COP","V","META","KO","UNP","FCX","AMZN"],"version":"claude_1"} 
[15-09-2026 15:10:03.50] Auto start complete 
[15-09-2026 15:25:00.91] === AUTO START === 
[15-09-2026 15:25:01.66] Docker daemon ready after 0 attempts 
[15-09-2026 15:25:01.66] Starting containers... 
time="2026-09-15T15:25:01-04:00" level=warning msg="C:\\Users\\sanja\\stock-market-ai\\docker-compose.yml: the attribute `version` is obsolete, it will be ignored, please remove it to avoid potential confusion"
 Container stock-market-ai-finetune-sidecar-1 Running 
 Container stock-market-ai-frontend-1 Running 
 Container stock-market-ai-backend-1 Running 
[15-09-2026 15:25:01.92] Backend healthy - paper trading active 
{"config_frozen_until":"2026-07-28","engine":"rust","status":"ok","symbols":["AMD","TMO","COP","V","META","KO","UNP","FCX","AMZN"],"version":"claude_1"} 
[15-09-2026 15:25:01.93] Auto start complete 
[15-09-2026 16:10:02.13] === AUTO STOP === 
[15-09-2026 16:10:02.19] Saving container logs... 
[15-09-2026 16:10:08.17] Container logs saved to logs\backend_20260915.log 
[15-09-2026 16:10:08.17] Fetching final EOD report... 
[15-09-2026 16:10:08.27] EOD report saved to reports/ 
[15-09-2026 16:10:08.27] Final daily status: 
{"data_collected":{"AMD":{"predictions":8773,"ticks":8773,"trades":0},"AMZN":{"predictions":8803,"ticks":8803,"trades":0},"COP":{"predictions":8760,"ticks":8760,"trades":0},"FCX":{"predictions":8785,"ticks":8785,"trades":0},"KO":{"predictions":8812,"ticks":8812,"trades":0},"META":{"predictions":8810,"ticks":8810,"trades":0},"TMO":{"predictions":8715,"ticks":8715,"trades":0},"UNP":{"predictions":8778,"ticks":8778,"trades":0},"V":{"predictions":8775,"ticks":8775,"trades":0}},"date":"2026-09-15","finetune_triggered":true,"portfolio":{"current_value":3000.0,"pnl":0.0,"profitable":false,"start_value":3022.98},"running":true,"snapshots_count":8821} 
[15-09-2026 16:10:08.33] Stopping containers... 
time="2026-09-15T16:10:08-04:00" level=warning msg="C:\\Users\\sanja\\stock-market-ai\\docker-compose.yml: the attribute `version` is obsolete, it will be ignored, please remove it to avoid potential confusion"
 Container stock-market-ai-frontend-1 Stopping 
 Container stock-market-ai-finetune-sidecar-1 Stopping 
 Container stock-market-ai-finetune-sidecar-1 Stopped 
 Container stock-market-ai-finetune-sidecar-1 Removing 
 Container stock-market-ai-frontend-1 Stopped 
 Container stock-market-ai-frontend-1 Removing 
 Container stock-market-ai-finetune-sidecar-1 Removed 
 Container stock-market-ai-frontend-1 Removed 
 Container stock-market-ai-backend-1 Stopping 
 Container stock-market-ai-backend-1 Stopped 
 Container stock-market-ai-backend-1 Removing 
 Container stock-market-ai-backend-1 Removed 
 Network stock-market-ai_default Removing 
 Network stock-market-ai_default Removed 
[15-09-2026 16:10:22.74] All containers stopped 
[15-09-2026 16:10:22.74] === SESSION COMPLETE === 
 
