[17-09-2026  8:27:06.61] === AUTO START === 
[17-09-2026  8:27:06.94] Outside 09:00-15:30 (minute 507) - not starting 
[17-09-2026  9:25:01.09] === AUTO START === 
[17-09-2026  9:25:01.67] Docker daemon ready after 0 attempts 
[17-09-2026  9:25:01.67] Starting containers... 
time="2026-09-17T09:25:01-04:00" level=warning msg="C:\\Users\\sanja\\stock-market-ai\\docker-compose.yml: the attribute `version` is obsolete, it will be ignored, please remove it to avoid potential confusion"
 Container stock-market-ai-frontend-1 Running 
 Container stock-market-ai-backend-1 Running 
 Container stock-market-ai-finetune-sidecar-1 Running 
[17-09-2026  9:25:01.88] Backend healthy - paper trading active 
{"config_frozen_until":"2026-07-28","engine":"rust","status":"ok","symbols":["AMD","TMO","META","V","COP","KO","FCX","UNP","AMZN"],"version":"claude_1"} 
[17-09-2026  9:25:01.89] Auto start complete 
[17-09-2026  9:40:01.55] === AUTO START === 
[17-09-2026  9:40:02.10] Docker daemon ready after 0 attempts 
[17-09-2026  9:40:02.10] Starting containers... 
time="2026-09-17T09:40:02-04:00" level=warning msg="C:\\Users\\sanja\\stock-market-ai\\docker-compose.yml: the attribute `version` is obsolete, it will be ignored, please remove it to avoid potential confusion"
 Container stock-market-ai-backend-1 Running 
 Container stock-market-ai-finetune-sidecar-1 Running 
 Container stock-market-ai-frontend-1 Running 
[17-09-2026  9:40:02.29] Backend healthy - paper trading active 
{"config_frozen_until":"2026-07-28","engine":"rust","status":"ok","symbols":["AMD","TMO","META","V","COP","KO","FCX","UNP","AMZN"],"version":"claude_1"} 
[17-09-2026  9:40:02.31] Auto start complete 
[17-09-2026  9:55:01.56] === AUTO START === 
[17-09-2026  9:55:02.11] Docker daemon ready after 0 attempts 
[17-09-2026  9:55:02.12] Starting containers... 
time="2026-09-17T09:55:02-04:00" level=warning msg="C:\\Users\\sanja\\stock-market-ai\\docker-compose.yml: the attribute `version` is obsolete, it will be ignored, please remove it to avoid potential confusion"
 Container stock-market-ai-frontend-1 Running 
 Container stock-market-ai-backend-1 Running 
 Container stock-market-ai-finetune-sidecar-1 Running 
[17-09-2026  9:55:02.31] Backend healthy - paper trading active 
{"config_frozen_until":"2026-07-28","engine":"rust","status":"ok","symbols":["AMD","TMO","META","V","COP","KO","FCX","UNP","AMZN"],"version":"claude_1"} 
[17-09-2026  9:55:02.32] Auto start complete 
[17-09-2026 10:10:01.54] === AUTO START === 
[17-09-2026 10:10:02.09] Docker daemon ready after 0 attempts 
[17-09-2026 10:10:02.09] Starting containers... 
time="2026-09-17T10:10:02-04:00" level=warning msg="C:\\Users\\sanja\\stock-market-ai\\docker-compose.yml: the attribute `version` is obsolete, it will be ignored, please remove it to avoid potential confusion"
 Container stock-market-ai-finetune-sidecar-1 Running 
 Container stock-market-ai-frontend-1 Running 
 Container stock-market-ai-backend-1 Running 
[17-09-2026 10:10:02.30] Backend healthy - paper trading active 
{"config_frozen_until":"2026-07-28","engine":"rust","status":"ok","symbols":["AMD","TMO","META","V","COP","KO","FCX","UNP","AMZN"],"version":"claude_1"} 
[17-09-2026 10:10:02.31] Auto start complete 
[17-09-2026 10:25:01.58] === AUTO START === 
[17-09-2026 10:25:02.16] Docker daemon ready after 0 attempts 
[17-09-2026 10:25:02.16] Starting containers... 
time="2026-09-17T10:25:02-04:00" level=warning msg="C:\\Users\\sanja\\stock-market-ai\\docker-compose.yml: the attribute `version` is obsolete, it will be ignored, please remove it to avoid potential confusion"
 Container stock-market-ai-frontend-1 Running 
 Container stock-market-ai-backend-1 Running 
 Container stock-market-ai-finetune-sidecar-1 Running 
[17-09-2026 10:25:02.36] Backend healthy - paper trading active 
{"config_frozen_until":"2026-07-28","engine":"rust","status":"ok","symbols":["AMD","TMO","META","V","COP","KO","FCX","UNP","AMZN"],"version":"claude_1"} 
[17-09-2026 10:25:02.37] Auto start complete 
[17-09-2026 10:40:01.55] === AUTO START === 
[17-09-2026 10:40:02.11] Docker daemon ready after 0 attempts 
[17-09-2026 10:40:02.11] Starting containers... 
time="2026-09-17T10:40:02-04:00" level=warning msg="C:\\Users\\sanja\\stock-market-ai\\docker-compose.yml: the attribute `version` is obsolete, it will be ignored, please remove it to avoid potential confusion"
 Container stock-market-ai-backend-1 Running 
 Container stock-market-ai-finetune-sidecar-1 Running 
 Container stock-market-ai-frontend-1 Running 
[17-09-2026 10:40:02.32] Backend healthy - paper trading active 
{"config_frozen_until":"2026-07-28","engine":"rust","status":"ok","symbols":["AMD","TMO","META","V","COP","KO","FCX","UNP","AMZN"],"version":"claude_1"} 
[17-09-2026 10:40:02.33] Auto start complete 
[17-09-2026 10:55:01.54] === AUTO START === 
[17-09-2026 10:55:02.15] Docker daemon ready after 0 attempts 
[17-09-2026 10:55:02.15] Starting containers... 
time="2026-09-17T10:55:02-04:00" level=warning msg="C:\\Users\\sanja\\stock-market-ai\\docker-compose.yml: the attribute `version` is obsolete, it will be ignored, please remove it to avoid potential confusion"
 Container stock-market-ai-backend-1 Running 
 Container stock-market-ai-finetune-sidecar-1 Running 
 Container stock-market-ai-frontend-1 Running 
[17-09-2026 10:55:02.35] Backend healthy - paper trading active 
{"config_frozen_until":"2026-07-28","engine":"rust","status":"ok","symbols":["AMD","TMO","META","V","COP","KO","FCX","UNP","AMZN"],"version":"claude_1"} 
[17-09-2026 10:55:02.36] Auto start complete 
[17-09-2026 11:10:01.55] === AUTO START === 
[17-09-2026 11:10:02.12] Docker daemon ready after 0 attempts 
[17-09-2026 11:10:02.12] Starting containers... 
time="2026-09-17T11:10:02-04:00" level=warning msg="C:\\Users\\sanja\\stock-market-ai\\docker-compose.yml: the attribute `version` is obsolete, it will be ignored, please remove it to avoid potential confusion"
 Container stock-market-ai-finetune-sidecar-1 Running 
 Container stock-market-ai-frontend-1 Running 
 Container stock-market-ai-backend-1 Running 
[17-09-2026 11:10:02.32] Backend healthy - paper trading active 
{"config_frozen_until":"2026-07-28","engine":"rust","status":"ok","symbols":["AMD","TMO","META","V","COP","KO","FCX","UNP","AMZN"],"version":"claude_1"} 
[17-09-2026 11:10:02.33] Auto start complete 
[17-09-2026 11:25:01.55] === AUTO START === 
[17-09-2026 11:25:02.14] Docker daemon ready after 0 attempts 
[17-09-2026 11:25:02.14] Starting containers... 
time="2026-09-17T11:25:02-04:00" level=warning msg="C:\\Users\\sanja\\stock-market-ai\\docker-compose.yml: the attribute `version` is obsolete, it will be ignored, please remove it to avoid potential confusion"
 Container stock-market-ai-finetune-sidecar-1 Running 
 Container stock-market-ai-frontend-1 Running 
 Container stock-market-ai-backend-1 Running 
[17-09-2026 11:25:02.35] Backend healthy - paper trading active 
{"config_frozen_until":"2026-07-28","engine":"rust","status":"ok","symbols":["AMD","TMO","META","V","COP","KO","FCX","UNP","AMZN"],"version":"claude_1"} 
[17-09-2026 11:25:02.36] Auto start complete 
[17-09-2026 11:40:01.53] === AUTO START === 
[17-09-2026 11:40:02.14] Docker daemon ready after 0 attempts 
[17-09-2026 11:40:02.14] Starting containers... 
time="2026-09-17T11:40:02-04:00" level=warning msg="C:\\Users\\sanja\\stock-market-ai\\docker-compose.yml: the attribute `version` is obsolete, it will be ignored, please remove it to avoid potential confusion"
 Container stock-market-ai-finetune-sidecar-1 Running 
 Container stock-market-ai-frontend-1 Running 
 Container stock-market-ai-backend-1 Running 
[17-09-2026 11:40:02.35] Backend healthy - paper trading active 
{"config_frozen_until":"2026-07-28","engine":"rust","status":"ok","symbols":["AMD","TMO","META","V","COP","KO","FCX","UNP","AMZN"],"version":"claude_1"} 
[17-09-2026 11:40:02.37] Auto start complete 
[17-09-2026 11:55:01.52] === AUTO START === 
[17-09-2026 11:55:02.12] Docker daemon ready after 0 attempts 
[17-09-2026 11:55:02.12] Starting containers... 
time="2026-09-17T11:55:02-04:00" level=warning msg="C:\\Users\\sanja\\stock-market-ai\\docker-compose.yml: the attribute `version` is obsolete, it will be ignored, please remove it to avoid potential confusion"
 Container stock-market-ai-frontend-1 Running 
 Container stock-market-ai-backend-1 Running 
 Container stock-market-ai-finetune-sidecar-1 Running 
[17-09-2026 11:55:02.32] Backend healthy - paper trading active 
{"config_frozen_until":"2026-07-28","engine":"rust","status":"ok","symbols":["AMD","TMO","META","V","COP","KO","FCX","UNP","AMZN"],"version":"claude_1"} 
[17-09-2026 11:55:02.33] Auto start complete 
[17-09-2026 12:10:01.54] === AUTO START === 
[17-09-2026 12:10:02.15] Docker daemon ready after 0 attempts 
[17-09-2026 12:10:02.15] Starting containers... 
time="2026-09-17T12:10:02-04:00" level=warning msg="C:\\Users\\sanja\\stock-market-ai\\docker-compose.yml: the attribute `version` is obsolete, it will be ignored, please remove it to avoid potential confusion"
 Container stock-market-ai-frontend-1 Running 
 Container stock-market-ai-backend-1 Running 
 Container stock-market-ai-finetune-sidecar-1 Running 
[17-09-2026 12:10:02.36] Backend healthy - paper trading active 
{"config_frozen_until":"2026-07-28","engine":"rust","status":"ok","symbols":["AMD","TMO","META","V","COP","KO","FCX","UNP","AMZN"],"version":"claude_1"} 
[17-09-2026 12:10:02.37] Auto start complete 
[17-09-2026 12:25:01.54] === AUTO START === 
[17-09-2026 12:25:02.10] Docker daemon ready after 0 attempts 
[17-09-2026 12:25:02.10] Starting containers... 
time="2026-09-17T12:25:02-04:00" level=warning msg="C:\\Users\\sanja\\stock-market-ai\\docker-compose.yml: the attribute `version` is obsolete, it will be ignored, please remove it to avoid potential confusion"
 Container stock-market-ai-frontend-1 Running 
 Container stock-market-ai-backend-1 Running 
 Container stock-market-ai-finetune-sidecar-1 Running 
[17-09-2026 12:25:02.29] Backend healthy - paper trading active 
{"config_frozen_until":"2026-07-28","engine":"rust","status":"ok","symbols":["AMD","TMO","META","V","COP","KO","FCX","UNP","AMZN"],"version":"claude_1"} 
[17-09-2026 12:25:02.30] Auto start complete 
[17-09-2026 12:40:01.55] === AUTO START === 
[17-09-2026 12:40:02.10] Docker daemon ready after 0 attempts 
[17-09-2026 12:40:02.10] Starting containers... 
time="2026-09-17T12:40:02-04:00" level=warning msg="C:\\Users\\sanja\\stock-market-ai\\docker-compose.yml: the attribute `version` is obsolete, it will be ignored, please remove it to avoid potential confusion"
 Container stock-market-ai-backend-1 Running 
 Container stock-market-ai-finetune-sidecar-1 Running 
 Container stock-market-ai-frontend-1 Running 
[17-09-2026 12:40:02.31] Backend healthy - paper trading active 
{"config_frozen_until":"2026-07-28","engine":"rust","status":"ok","symbols":["AMD","TMO","META","V","COP","KO","FCX","UNP","AMZN"],"version":"claude_1"} 
[17-09-2026 12:40:02.35] Auto start complete 
[17-09-2026 12:55:01.56] === AUTO START === 
[17-09-2026 12:55:02.10] Docker daemon ready after 0 attempts 
[17-09-2026 12:55:02.10] Starting containers... 
time="2026-09-17T12:55:02-04:00" level=warning msg="C:\\Users\\sanja\\stock-market-ai\\docker-compose.yml: the attribute `version` is obsolete, it will be ignored, please remove it to avoid potential confusion"
 Container stock-market-ai-finetune-sidecar-1 Running 
 Container stock-market-ai-frontend-1 Running 
 Container stock-market-ai-backend-1 Running 
[17-09-2026 12:55:02.28] Backend healthy - paper trading active 
{"config_frozen_until":"2026-07-28","engine":"rust","status":"ok","symbols":["AMD","TMO","META","V","COP","KO","FCX","UNP","AMZN"],"version":"claude_1"} 
[17-09-2026 12:55:02.30] Auto start complete 
[17-09-2026 13:10:01.55] === AUTO START === 
[17-09-2026 13:10:02.12] Docker daemon ready after 0 attempts 
[17-09-2026 13:10:02.12] Starting containers... 
time="2026-09-17T13:10:02-04:00" level=warning msg="C:\\Users\\sanja\\stock-market-ai\\docker-compose.yml: the attribute `version` is obsolete, it will be ignored, please remove it to avoid potential confusion"
 Container stock-market-ai-frontend-1 Running 
 Container stock-market-ai-backend-1 Running 
 Container stock-market-ai-finetune-sidecar-1 Running 
[17-09-2026 13:10:02.33] Backend healthy - paper trading active 
{"config_frozen_until":"2026-07-28","engine":"rust","status":"ok","symbols":["AMD","TMO","META","V","COP","KO","FCX","UNP","AMZN"],"version":"claude_1"} 
[17-09-2026 13:10:02.34] Auto start complete 
[17-09-2026 13:25:01.53] === AUTO START === 
[17-09-2026 13:25:02.07] Docker daemon ready after 0 attempts 
[17-09-2026 13:25:02.07] Starting containers... 
time="2026-09-17T13:25:02-04:00" level=warning msg="C:\\Users\\sanja\\stock-market-ai\\docker-compose.yml: the attribute `version` is obsolete, it will be ignored, please remove it to avoid potential confusion"
 Container stock-market-ai-finetune-sidecar-1 Running 
 Container stock-market-ai-frontend-1 Running 
 Container stock-market-ai-backend-1 Running 
[17-09-2026 13:25:02.27] Backend healthy - paper trading active 
{"config_frozen_until":"2026-07-28","engine":"rust","status":"ok","symbols":["AMD","TMO","META","V","COP","KO","FCX","UNP","AMZN"],"version":"claude_1"} 
[17-09-2026 13:25:02.28] Auto start complete 
[17-09-2026 13:40:01.57] === AUTO START === 
[17-09-2026 13:40:02.12] Docker daemon ready after 0 attempts 
[17-09-2026 13:40:02.12] Starting containers... 
time="2026-09-17T13:40:02-04:00" level=warning msg="C:\\Users\\sanja\\stock-market-ai\\docker-compose.yml: the attribute `version` is obsolete, it will be ignored, please remove it to avoid potential confusion"
 Container stock-market-ai-backend-1 Running 
 Container stock-market-ai-finetune-sidecar-1 Running 
 Container stock-market-ai-frontend-1 Running 
[17-09-2026 13:40:02.33] Backend healthy - paper trading active 
{"config_frozen_until":"2026-07-28","engine":"rust","status":"ok","symbols":["AMD","TMO","META","V","COP","KO","FCX","UNP","AMZN"],"version":"claude_1"} 
[17-09-2026 13:40:02.35] Auto start complete 
[17-09-2026 13:55:01.55] === AUTO START === 
[17-09-2026 13:55:02.09] Docker daemon ready after 0 attempts 
[17-09-2026 13:55:02.09] Starting containers... 
time="2026-09-17T13:55:02-04:00" level=warning msg="C:\\Users\\sanja\\stock-market-ai\\docker-compose.yml: the attribute `version` is obsolete, it will be ignored, please remove it to avoid potential confusion"
 Container stock-market-ai-frontend-1 Running 
 Container stock-market-ai-backend-1 Running 
 Container stock-market-ai-finetune-sidecar-1 Running 
[17-09-2026 13:55:02.29] Backend healthy - paper trading active 
{"config_frozen_until":"2026-07-28","engine":"rust","status":"ok","symbols":["AMD","TMO","META","V","COP","KO","FCX","UNP","AMZN"],"version":"claude_1"} 
[17-09-2026 13:55:02.30] Auto start complete 
[17-09-2026 14:10:01.56] === AUTO START === 
[17-09-2026 14:10:02.10] Docker daemon ready after 0 attempts 
[17-09-2026 14:10:02.11] Starting containers... 
time="2026-09-17T14:10:02-04:00" level=warning msg="C:\\Users\\sanja\\stock-market-ai\\docker-compose.yml: the attribute `version` is obsolete, it will be ignored, please remove it to avoid potential confusion"
 Container stock-market-ai-frontend-1 Running 
 Container stock-market-ai-backend-1 Running 
 Container stock-market-ai-finetune-sidecar-1 Running 
[17-09-2026 14:10:02.31] Backend healthy - paper trading active 
{"config_frozen_until":"2026-07-28","engine":"rust","status":"ok","symbols":["AMD","TMO","META","V","COP","KO","FCX","UNP","AMZN"],"version":"claude_1"} 
[17-09-2026 14:10:02.32] Auto start complete 
[17-09-2026 14:25:01.55] === AUTO START === 
[17-09-2026 14:25:02.09] Docker daemon ready after 0 attempts 
[17-09-2026 14:25:02.09] Starting containers... 
time="2026-09-17T14:25:02-04:00" level=warning msg="C:\\Users\\sanja\\stock-market-ai\\docker-compose.yml: the attribute `version` is obsolete, it will be ignored, please remove it to avoid potential confusion"
 Container stock-market-ai-finetune-sidecar-1 Running 
 Container stock-market-ai-frontend-1 Running 
 Container stock-market-ai-backend-1 Running 
[17-09-2026 14:25:02.29] Backend healthy - paper trading active 
{"config_frozen_until":"2026-07-28","engine":"rust","status":"ok","symbols":["AMD","TMO","META","V","COP","KO","FCX","UNP","AMZN"],"version":"claude_1"} 
[17-09-2026 14:25:02.30] Auto start complete 
[17-09-2026 14:40:01.55] === AUTO START === 
[17-09-2026 14:40:02.10] Docker daemon ready after 0 attempts 
[17-09-2026 14:40:02.11] Starting containers... 
time="2026-09-17T14:40:02-04:00" level=warning msg="C:\\Users\\sanja\\stock-market-ai\\docker-compose.yml: the attribute `version` is obsolete, it will be ignored, please remove it to avoid potential confusion"
 Container stock-market-ai-frontend-1 Running 
 Container stock-market-ai-backend-1 Running 
 Container stock-market-ai-finetune-sidecar-1 Running 
[17-09-2026 14:40:02.30] Backend healthy - paper trading active 
{"config_frozen_until":"2026-07-28","engine":"rust","status":"ok","symbols":["AMD","TMO","META","V","COP","KO","FCX","UNP","AMZN"],"version":"claude_1"} 
[17-09-2026 14:40:02.31] Auto start complete 
[17-09-2026 14:55:01.54] === AUTO START === 
[17-09-2026 14:55:02.11] Docker daemon ready after 0 attempts 
[17-09-2026 14:55:02.11] Starting containers... 
time="2026-09-17T14:55:02-04:00" level=warning msg="C:\\Users\\sanja\\stock-market-ai\\docker-compose.yml: the attribute `version` is obsolete, it will be ignored, please remove it to avoid potential confusion"
 Container stock-market-ai-finetune-sidecar-1 Running 
 Container stock-market-ai-frontend-1 Running 
 Container stock-market-ai-backend-1 Running 
[17-09-2026 14:55:02.30] Backend healthy - paper trading active 
{"config_frozen_until":"2026-07-28","engine":"rust","status":"ok","symbols":["AMD","TMO","META","V","COP","KO","FCX","UNP","AMZN"],"version":"claude_1"} 
[17-09-2026 14:55:02.31] Auto start complete 
[17-09-2026 15:48:38.53] === AUTO START === 
[17-09-2026 15:48:39.94] Outside 09:00-15:30 (minute 948) - not starting 
[17-09-2026 15:55:01.86] === AUTO START === 
[17-09-2026 15:55:02.38] Outside 09:00-15:30 (minute 955) - not starting 
[17-09-2026 16:10:01.07] === AUTO STOP === 
[17-09-2026 16:10:01.07] Saving container logs... 
[17-09-2026 16:10:12.63] Container logs saved to logs\backend_20260917.log 
[17-09-2026 16:10:12.63] Fetching final EOD report... 
[17-09-2026 16:10:12.68] EOD report saved to reports/ 
[17-09-2026 16:10:12.68] Final daily status: 
{"data_collected":{"AMD":{"predictions":22615,"ticks":22615,"trades":0},"AMZN":{"predictions":23027,"ticks":23027,"trades":0},"COP":{"predictions":21202,"ticks":21202,"trades":4},"FCX":{"predictions":21215,"ticks":21215,"trades":0},"KO":{"predictions":21221,"ticks":21221,"trades":4},"META":{"predictions":21227,"ticks":21227,"trades":4},"TMO":{"predictions":21205,"ticks":21205,"trades":2},"UNP":{"predictions":21216,"ticks":21216,"trades":6},"V":{"predictions":21209,"ticks":21209,"trades":4}},"date":"2026-09-17","finetune_triggered":true,"portfolio":{"current_value":3000.0,"pnl":0.0,"profitable":false,"start_value":3000.0},"running":true,"snapshots_count":24681} 
[17-09-2026 16:10:12.70] Stopping containers... 
time="2026-09-17T16:10:12-04:00" level=warning msg="C:\\Users\\sanja\\stock-market-ai\\docker-compose.yml: the attribute `version` is obsolete, it will be ignored, please remove it to avoid potential confusion"
 Container stock-market-ai-frontend-1 Stopping 
 Container stock-market-ai-finetune-sidecar-1 Stopping 
 Container stock-market-ai-finetune-sidecar-1 Stopped 
 Container stock-market-ai-finetune-sidecar-1 Removing 
 Container stock-market-ai-finetune-sidecar-1 Removed 
 Container stock-market-ai-frontend-1 Stopped 
 Container stock-market-ai-frontend-1 Removing 
 Container stock-market-ai-frontend-1 Removed 
 Container stock-market-ai-backend-1 Stopping 
 Container stock-market-ai-backend-1 Stopped 
 Container stock-market-ai-backend-1 Removing 
 Container stock-market-ai-backend-1 Removed 
 Network stock-market-ai_default Removing 
 Network stock-market-ai_default Removed 
[17-09-2026 16:10:25.33] All containers stopped 
[17-09-2026 16:10:25.33] === SESSION COMPLETE === 
 
[17-09-2026 16:24:18.14] === AUTO START === 
[17-09-2026 16:24:18.55] Outside 09:00-15:30 (minute 984) - not starting 
